<?xml version="1.0" encoding="ISO-8859-1" ?>
<link_info>
   <banner>MSP430 Linker Unix v18.12.2.LTS</banner>
   <copyright>Copyright (c) 2003-2018 Texas Instruments Incorporated</copyright>
   <link_time>0x5d8a8994</link_time>
   <link_errors>0x0</link_errors>
   <output_file>ECE298_Project.out</output_file>
   <entry_point>
      <name>_c_int00_noargs</name>
      <address>0xdf62</address>
   </entry_point>
   <input_file_list>
      <input_file id="fl-2">
         <path>./</path>
         <kind>object</kind>
         <file>hal_LCD.obj</file>
         <name>hal_LCD.obj</name>
      </input_file>
      <input_file id="fl-3">
         <path>./</path>
         <kind>object</kind>
         <file>main.obj</file>
         <name>main.obj</name>
      </input_file>
      <input_file id="fl-4">
         <path>./driverlib/</path>
         <kind>object</kind>
         <file>adc.obj</file>
         <name>adc.obj</name>
      </input_file>
      <input_file id="fl-5">
         <path>./driverlib/</path>
         <kind>object</kind>
         <file>crc.obj</file>
         <name>crc.obj</name>
      </input_file>
      <input_file id="fl-6">
         <path>./driverlib/</path>
         <kind>object</kind>
         <file>cs.obj</file>
         <name>cs.obj</name>
      </input_file>
      <input_file id="fl-7">
         <path>./driverlib/</path>
         <kind>object</kind>
         <file>ecomp.obj</file>
         <name>ecomp.obj</name>
      </input_file>
      <input_file id="fl-8">
         <path>./driverlib/</path>
         <kind>object</kind>
         <file>eusci_a_spi.obj</file>
         <name>eusci_a_spi.obj</name>
      </input_file>
      <input_file id="fl-9">
         <path>./driverlib/</path>
         <kind>object</kind>
         <file>eusci_a_uart.obj</file>
         <name>eusci_a_uart.obj</name>
      </input_file>
      <input_file id="fl-a">
         <path>./driverlib/</path>
         <kind>object</kind>
         <file>eusci_b_i2c.obj</file>
         <name>eusci_b_i2c.obj</name>
      </input_file>
      <input_file id="fl-b">
         <path>./driverlib/</path>
         <kind>object</kind>
         <file>eusci_b_spi.obj</file>
         <name>eusci_b_spi.obj</name>
      </input_file>
      <input_file id="fl-c">
         <path>./driverlib/</path>
         <kind>object</kind>
         <file>framctl.obj</file>
         <name>framctl.obj</name>
      </input_file>
      <input_file id="fl-d">
         <path>./driverlib/</path>
         <kind>object</kind>
         <file>gpio.obj</file>
         <name>gpio.obj</name>
      </input_file>
      <input_file id="fl-e">
         <path>./driverlib/</path>
         <kind>object</kind>
         <file>icc.obj</file>
         <name>icc.obj</name>
      </input_file>
      <input_file id="fl-f">
         <path>./driverlib/</path>
         <kind>object</kind>
         <file>lcd_e.obj</file>
         <name>lcd_e.obj</name>
      </input_file>
      <input_file id="fl-10">
         <path>./driverlib/</path>
         <kind>object</kind>
         <file>mpy32.obj</file>
         <name>mpy32.obj</name>
      </input_file>
      <input_file id="fl-11">
         <path>./driverlib/</path>
         <kind>object</kind>
         <file>pmm.obj</file>
         <name>pmm.obj</name>
      </input_file>
      <input_file id="fl-12">
         <path>./driverlib/</path>
         <kind>object</kind>
         <file>rtc.obj</file>
         <name>rtc.obj</name>
      </input_file>
      <input_file id="fl-13">
         <path>./driverlib/</path>
         <kind>object</kind>
         <file>sac.obj</file>
         <name>sac.obj</name>
      </input_file>
      <input_file id="fl-14">
         <path>./driverlib/</path>
         <kind>object</kind>
         <file>sfr.obj</file>
         <name>sfr.obj</name>
      </input_file>
      <input_file id="fl-15">
         <path>./driverlib/</path>
         <kind>object</kind>
         <file>sysctl.obj</file>
         <name>sysctl.obj</name>
      </input_file>
      <input_file id="fl-16">
         <path>./driverlib/</path>
         <kind>object</kind>
         <file>tia.obj</file>
         <name>tia.obj</name>
      </input_file>
      <input_file id="fl-17">
         <path>./driverlib/</path>
         <kind>object</kind>
         <file>timer_a.obj</file>
         <name>timer_a.obj</name>
      </input_file>
      <input_file id="fl-18">
         <path>./driverlib/</path>
         <kind>object</kind>
         <file>timer_b.obj</file>
         <name>timer_b.obj</name>
      </input_file>
      <input_file id="fl-19">
         <path>./driverlib/</path>
         <kind>object</kind>
         <file>tlv.obj</file>
         <name>tlv.obj</name>
      </input_file>
      <input_file id="fl-1a">
         <path>./driverlib/</path>
         <kind>object</kind>
         <file>wdt_a.obj</file>
         <name>wdt_a.obj</name>
      </input_file>
      <input_file id="fl-1f">
         <kind>object</kind>
         <file>&lt;internal&gt;</file>
         <name>&lt;internal&gt;</name>
      </input_file>
      <input_file id="fl-35">
         <path>/Users/jonathan/ccs/tools/compiler/ti-cgt-msp430_18.12.2.LTS/lib/</path>
         <kind>archive</kind>
         <file>rts430x_lc_sd_eabi.lib</file>
         <name>printf.c.obj</name>
      </input_file>
      <input_file id="fl-36">
         <path>/Users/jonathan/ccs/tools/compiler/ti-cgt-msp430_18.12.2.LTS/lib/</path>
         <kind>archive</kind>
         <file>rts430x_lc_sd_eabi.lib</file>
         <name>_printfi_min.c.obj</name>
      </input_file>
      <input_file id="fl-37">
         <path>/Users/jonathan/ccs/tools/compiler/ti-cgt-msp430_18.12.2.LTS/lib/</path>
         <kind>archive</kind>
         <file>rts430x_lc_sd_eabi.lib</file>
         <name>fputc.c.obj</name>
      </input_file>
      <input_file id="fl-38">
         <path>/Users/jonathan/ccs/tools/compiler/ti-cgt-msp430_18.12.2.LTS/lib/</path>
         <kind>archive</kind>
         <file>rts430x_lc_sd_eabi.lib</file>
         <name>fputs.c.obj</name>
      </input_file>
      <input_file id="fl-39">
         <path>/Users/jonathan/ccs/tools/compiler/ti-cgt-msp430_18.12.2.LTS/lib/</path>
         <kind>archive</kind>
         <file>rts430x_lc_sd_eabi.lib</file>
         <name>_io_perm.c.obj</name>
      </input_file>
      <input_file id="fl-3a">
         <path>/Users/jonathan/ccs/tools/compiler/ti-cgt-msp430_18.12.2.LTS/lib/</path>
         <kind>archive</kind>
         <file>rts430x_lc_sd_eabi.lib</file>
         <name>setvbuf.c.obj</name>
      </input_file>
      <input_file id="fl-3b">
         <path>/Users/jonathan/ccs/tools/compiler/ti-cgt-msp430_18.12.2.LTS/lib/</path>
         <kind>archive</kind>
         <file>rts430x_lc_sd_eabi.lib</file>
         <name>div16s.asm.obj</name>
      </input_file>
      <input_file id="fl-3c">
         <path>/Users/jonathan/ccs/tools/compiler/ti-cgt-msp430_18.12.2.LTS/lib/</path>
         <kind>archive</kind>
         <file>rts430x_lc_sd_eabi.lib</file>
         <name>div16u.asm.obj</name>
      </input_file>
      <input_file id="fl-3d">
         <path>/Users/jonathan/ccs/tools/compiler/ti-cgt-msp430_18.12.2.LTS/lib/</path>
         <kind>archive</kind>
         <file>rts430x_lc_sd_eabi.lib</file>
         <name>div32s.asm.obj</name>
      </input_file>
      <input_file id="fl-3e">
         <path>/Users/jonathan/ccs/tools/compiler/ti-cgt-msp430_18.12.2.LTS/lib/</path>
         <kind>archive</kind>
         <file>rts430x_lc_sd_eabi.lib</file>
         <name>div32u.asm.obj</name>
      </input_file>
      <input_file id="fl-3f">
         <path>/Users/jonathan/ccs/tools/compiler/ti-cgt-msp430_18.12.2.LTS/lib/</path>
         <kind>archive</kind>
         <file>rts430x_lc_sd_eabi.lib</file>
         <name>int45.asm.obj</name>
      </input_file>
      <input_file id="fl-40">
         <path>/Users/jonathan/ccs/tools/compiler/ti-cgt-msp430_18.12.2.LTS/lib/</path>
         <kind>archive</kind>
         <file>rts430x_lc_sd_eabi.lib</file>
         <name>int46.asm.obj</name>
      </input_file>
      <input_file id="fl-41">
         <path>/Users/jonathan/ccs/tools/compiler/ti-cgt-msp430_18.12.2.LTS/lib/</path>
         <kind>archive</kind>
         <file>rts430x_lc_sd_eabi.lib</file>
         <name>int47.asm.obj</name>
      </input_file>
      <input_file id="fl-42">
         <path>/Users/jonathan/ccs/tools/compiler/ti-cgt-msp430_18.12.2.LTS/lib/</path>
         <kind>archive</kind>
         <file>rts430x_lc_sd_eabi.lib</file>
         <name>int49.asm.obj</name>
      </input_file>
      <input_file id="fl-43">
         <path>/Users/jonathan/ccs/tools/compiler/ti-cgt-msp430_18.12.2.LTS/lib/</path>
         <kind>archive</kind>
         <file>rts430x_lc_sd_eabi.lib</file>
         <name>int51.asm.obj</name>
      </input_file>
      <input_file id="fl-44">
         <path>/Users/jonathan/ccs/tools/compiler/ti-cgt-msp430_18.12.2.LTS/lib/</path>
         <kind>archive</kind>
         <file>rts430x_lc_sd_eabi.lib</file>
         <name>int52.asm.obj</name>
      </input_file>
      <input_file id="fl-45">
         <path>/Users/jonathan/ccs/tools/compiler/ti-cgt-msp430_18.12.2.LTS/lib/</path>
         <kind>archive</kind>
         <file>rts430x_lc_sd_eabi.lib</file>
         <name>int53.asm.obj</name>
      </input_file>
      <input_file id="fl-46">
         <path>/Users/jonathan/ccs/tools/compiler/ti-cgt-msp430_18.12.2.LTS/lib/</path>
         <kind>archive</kind>
         <file>rts430x_lc_sd_eabi.lib</file>
         <name>int54.asm.obj</name>
      </input_file>
      <input_file id="fl-47">
         <path>/Users/jonathan/ccs/tools/compiler/ti-cgt-msp430_18.12.2.LTS/lib/</path>
         <kind>archive</kind>
         <file>rts430x_lc_sd_eabi.lib</file>
         <name>int55.asm.obj</name>
      </input_file>
      <input_file id="fl-48">
         <path>/Users/jonathan/ccs/tools/compiler/ti-cgt-msp430_18.12.2.LTS/lib/</path>
         <kind>archive</kind>
         <file>rts430x_lc_sd_eabi.lib</file>
         <name>int56.asm.obj</name>
      </input_file>
      <input_file id="fl-49">
         <path>/Users/jonathan/ccs/tools/compiler/ti-cgt-msp430_18.12.2.LTS/lib/</path>
         <kind>archive</kind>
         <file>rts430x_lc_sd_eabi.lib</file>
         <name>int57.asm.obj</name>
      </input_file>
      <input_file id="fl-4a">
         <path>/Users/jonathan/ccs/tools/compiler/ti-cgt-msp430_18.12.2.LTS/lib/</path>
         <kind>archive</kind>
         <file>rts430x_lc_sd_eabi.lib</file>
         <name>int58.asm.obj</name>
      </input_file>
      <input_file id="fl-4b">
         <path>/Users/jonathan/ccs/tools/compiler/ti-cgt-msp430_18.12.2.LTS/lib/</path>
         <kind>archive</kind>
         <file>rts430x_lc_sd_eabi.lib</file>
         <name>isr_trap.asm.obj</name>
      </input_file>
      <input_file id="fl-4c">
         <path>/Users/jonathan/ccs/tools/compiler/ti-cgt-msp430_18.12.2.LTS/lib/</path>
         <kind>archive</kind>
         <file>rts430x_lc_sd_eabi.lib</file>
         <name>lsl16.asm.obj</name>
      </input_file>
      <input_file id="fl-4d">
         <path>/Users/jonathan/ccs/tools/compiler/ti-cgt-msp430_18.12.2.LTS/lib/</path>
         <kind>archive</kind>
         <file>rts430x_lc_sd_eabi.lib</file>
         <name>lsr16.asm.obj</name>
      </input_file>
      <input_file id="fl-4e">
         <path>/Users/jonathan/ccs/tools/compiler/ti-cgt-msp430_18.12.2.LTS/lib/</path>
         <kind>archive</kind>
         <file>rts430x_lc_sd_eabi.lib</file>
         <name>mult16.asm.obj</name>
      </input_file>
      <input_file id="fl-4f">
         <path>/Users/jonathan/ccs/tools/compiler/ti-cgt-msp430_18.12.2.LTS/lib/</path>
         <kind>archive</kind>
         <file>rts430x_lc_sd_eabi.lib</file>
         <name>mult32.asm.obj</name>
      </input_file>
      <input_file id="fl-50">
         <path>/Users/jonathan/ccs/tools/compiler/ti-cgt-msp430_18.12.2.LTS/lib/</path>
         <kind>archive</kind>
         <file>rts430x_lc_sd_eabi.lib</file>
         <name>boot.c.obj</name>
      </input_file>
      <input_file id="fl-51">
         <path>/Users/jonathan/ccs/tools/compiler/ti-cgt-msp430_18.12.2.LTS/lib/</path>
         <kind>archive</kind>
         <file>rts430x_lc_sd_eabi.lib</file>
         <name>autoinit.c.obj</name>
      </input_file>
      <input_file id="fl-52">
         <path>/Users/jonathan/ccs/tools/compiler/ti-cgt-msp430_18.12.2.LTS/lib/</path>
         <kind>archive</kind>
         <file>rts430x_lc_sd_eabi.lib</file>
         <name>copy_zero_init.c.obj</name>
      </input_file>
      <input_file id="fl-53">
         <path>/Users/jonathan/ccs/tools/compiler/ti-cgt-msp430_18.12.2.LTS/lib/</path>
         <kind>archive</kind>
         <file>rts430x_lc_sd_eabi.lib</file>
         <name>exit_gvars.c.obj</name>
      </input_file>
      <input_file id="fl-54">
         <path>/Users/jonathan/ccs/tools/compiler/ti-cgt-msp430_18.12.2.LTS/lib/</path>
         <kind>archive</kind>
         <file>rts430x_lc_sd_eabi.lib</file>
         <name>cpy_tbl.c.obj</name>
      </input_file>
      <input_file id="fl-55">
         <path>/Users/jonathan/ccs/tools/compiler/ti-cgt-msp430_18.12.2.LTS/lib/</path>
         <kind>archive</kind>
         <file>rts430x_lc_sd_eabi.lib</file>
         <name>mpu_init.c.obj</name>
      </input_file>
      <input_file id="fl-56">
         <path>/Users/jonathan/ccs/tools/compiler/ti-cgt-msp430_18.12.2.LTS/lib/</path>
         <kind>archive</kind>
         <file>rts430x_lc_sd_eabi.lib</file>
         <name>lsr64.c.obj</name>
      </input_file>
      <input_file id="fl-57">
         <path>/Users/jonathan/ccs/tools/compiler/ti-cgt-msp430_18.12.2.LTS/lib/</path>
         <kind>archive</kind>
         <file>rts430x_lc_sd_eabi.lib</file>
         <name>pre_init.c.obj</name>
      </input_file>
      <input_file id="fl-58">
         <path>/Users/jonathan/ccs/tools/compiler/ti-cgt-msp430_18.12.2.LTS/lib/</path>
         <kind>archive</kind>
         <file>rts430x_lc_sd_eabi.lib</file>
         <name>startup.c.obj</name>
      </input_file>
      <input_file id="fl-59">
         <path>/Users/jonathan/ccs/tools/compiler/ti-cgt-msp430_18.12.2.LTS/lib/</path>
         <kind>archive</kind>
         <file>rts430x_lc_sd_eabi.lib</file>
         <name>copy_decompress_none.c.obj</name>
      </input_file>
      <input_file id="fl-5a">
         <path>/Users/jonathan/ccs/tools/compiler/ti-cgt-msp430_18.12.2.LTS/lib/</path>
         <kind>archive</kind>
         <file>rts430x_lc_sd_eabi.lib</file>
         <name>copy_decompress_lzss.c.obj</name>
      </input_file>
      <input_file id="fl-5b">
         <path>/Users/jonathan/ccs/tools/compiler/ti-cgt-msp430_18.12.2.LTS/lib/</path>
         <kind>archive</kind>
         <file>rts430x_lc_sd_eabi.lib</file>
         <name>exit.c.obj</name>
      </input_file>
      <input_file id="fl-5c">
         <path>/Users/jonathan/ccs/tools/compiler/ti-cgt-msp430_18.12.2.LTS/lib/</path>
         <kind>archive</kind>
         <file>rts430x_lc_sd_eabi.lib</file>
         <name>_lock.c.obj</name>
      </input_file>
      <input_file id="fl-5d">
         <path>/Users/jonathan/ccs/tools/compiler/ti-cgt-msp430_18.12.2.LTS/lib/</path>
         <kind>archive</kind>
         <file>rts430x_lc_sd_eabi.lib</file>
         <name>args_main.c.obj</name>
      </input_file>
      <input_file id="fl-5e">
         <path>/Users/jonathan/ccs/tools/compiler/ti-cgt-msp430_18.12.2.LTS/lib/</path>
         <kind>archive</kind>
         <file>rts430x_lc_sd_eabi.lib</file>
         <name>defs.c.obj</name>
      </input_file>
      <input_file id="fl-5f">
         <path>/Users/jonathan/ccs/tools/compiler/ti-cgt-msp430_18.12.2.LTS/lib/</path>
         <kind>archive</kind>
         <file>rts430x_lc_sd_eabi.lib</file>
         <name>memccpy.c.obj</name>
      </input_file>
      <input_file id="fl-60">
         <path>/Users/jonathan/ccs/tools/compiler/ti-cgt-msp430_18.12.2.LTS/lib/</path>
         <kind>archive</kind>
         <file>rts430x_lc_sd_eabi.lib</file>
         <name>memchr.c.obj</name>
      </input_file>
      <input_file id="fl-61">
         <path>/Users/jonathan/ccs/tools/compiler/ti-cgt-msp430_18.12.2.LTS/lib/</path>
         <kind>archive</kind>
         <file>rts430x_lc_sd_eabi.lib</file>
         <name>memcpy.c.obj</name>
      </input_file>
      <input_file id="fl-62">
         <path>/Users/jonathan/ccs/tools/compiler/ti-cgt-msp430_18.12.2.LTS/lib/</path>
         <kind>archive</kind>
         <file>rts430x_lc_sd_eabi.lib</file>
         <name>memory.c.obj</name>
      </input_file>
      <input_file id="fl-63">
         <path>/Users/jonathan/ccs/tools/compiler/ti-cgt-msp430_18.12.2.LTS/lib/</path>
         <kind>archive</kind>
         <file>rts430x_lc_sd_eabi.lib</file>
         <name>memset.c.obj</name>
      </input_file>
      <input_file id="fl-64">
         <path>/Users/jonathan/ccs/tools/compiler/ti-cgt-msp430_18.12.2.LTS/lib/</path>
         <kind>archive</kind>
         <file>rts430x_lc_sd_eabi.lib</file>
         <name>strlen.c.obj</name>
      </input_file>
      <input_file id="fl-65">
         <path>/Users/jonathan/ccs/tools/compiler/ti-cgt-msp430_18.12.2.LTS/lib/</path>
         <kind>archive</kind>
         <file>rts430x_lc_sd_eabi.lib</file>
         <name>write.c.obj</name>
      </input_file>
      <input_file id="fl-66">
         <path>/Users/jonathan/ccs/tools/compiler/ti-cgt-msp430_18.12.2.LTS/lib/</path>
         <kind>archive</kind>
         <file>rts430x_lc_sd_eabi.lib</file>
         <name>host_device.c.obj</name>
      </input_file>
      <input_file id="fl-67">
         <path>/Users/jonathan/ccs/tools/compiler/ti-cgt-msp430_18.12.2.LTS/lib/</path>
         <kind>archive</kind>
         <file>rts430x_lc_sd_eabi.lib</file>
         <name>fflush.c.obj</name>
      </input_file>
      <input_file id="fl-68">
         <path>/Users/jonathan/ccs/tools/compiler/ti-cgt-msp430_18.12.2.LTS/lib/</path>
         <kind>archive</kind>
         <file>rts430x_lc_sd_eabi.lib</file>
         <name>fopen.c.obj</name>
      </input_file>
      <input_file id="fl-69">
         <path>/Users/jonathan/ccs/tools/compiler/ti-cgt-msp430_18.12.2.LTS/lib/</path>
         <kind>archive</kind>
         <file>rts430x_lc_sd_eabi.lib</file>
         <name>fseek.c.obj</name>
      </input_file>
      <input_file id="fl-6a">
         <path>/Users/jonathan/ccs/tools/compiler/ti-cgt-msp430_18.12.2.LTS/lib/</path>
         <kind>archive</kind>
         <file>rts430x_lc_sd_eabi.lib</file>
         <name>cpy_util.asm.obj</name>
      </input_file>
      <input_file id="fl-6b">
         <path>/Users/jonathan/ccs/tools/compiler/ti-cgt-msp430_18.12.2.LTS/lib/</path>
         <kind>archive</kind>
         <file>rts430x_lc_sd_eabi.lib</file>
         <name>hostclose.c.obj</name>
      </input_file>
      <input_file id="fl-6c">
         <path>/Users/jonathan/ccs/tools/compiler/ti-cgt-msp430_18.12.2.LTS/lib/</path>
         <kind>archive</kind>
         <file>rts430x_lc_sd_eabi.lib</file>
         <name>hostlseek.c.obj</name>
      </input_file>
      <input_file id="fl-6d">
         <path>/Users/jonathan/ccs/tools/compiler/ti-cgt-msp430_18.12.2.LTS/lib/</path>
         <kind>archive</kind>
         <file>rts430x_lc_sd_eabi.lib</file>
         <name>hostopen.c.obj</name>
      </input_file>
      <input_file id="fl-6e">
         <path>/Users/jonathan/ccs/tools/compiler/ti-cgt-msp430_18.12.2.LTS/lib/</path>
         <kind>archive</kind>
         <file>rts430x_lc_sd_eabi.lib</file>
         <name>hostread.c.obj</name>
      </input_file>
      <input_file id="fl-6f">
         <path>/Users/jonathan/ccs/tools/compiler/ti-cgt-msp430_18.12.2.LTS/lib/</path>
         <kind>archive</kind>
         <file>rts430x_lc_sd_eabi.lib</file>
         <name>hostrename.c.obj</name>
      </input_file>
      <input_file id="fl-70">
         <path>/Users/jonathan/ccs/tools/compiler/ti-cgt-msp430_18.12.2.LTS/lib/</path>
         <kind>archive</kind>
         <file>rts430x_lc_sd_eabi.lib</file>
         <name>hostunlink.c.obj</name>
      </input_file>
      <input_file id="fl-71">
         <path>/Users/jonathan/ccs/tools/compiler/ti-cgt-msp430_18.12.2.LTS/lib/</path>
         <kind>archive</kind>
         <file>rts430x_lc_sd_eabi.lib</file>
         <name>hostwrite.c.obj</name>
      </input_file>
      <input_file id="fl-72">
         <path>/Users/jonathan/ccs/tools/compiler/ti-cgt-msp430_18.12.2.LTS/lib/</path>
         <kind>archive</kind>
         <file>rts430x_lc_sd_eabi.lib</file>
         <name>trgmsg.c.obj</name>
      </input_file>
      <input_file id="fl-73">
         <path>/Users/jonathan/ccs/tools/compiler/ti-cgt-msp430_18.12.2.LTS/lib/</path>
         <kind>archive</kind>
         <file>rts430x_lc_sd_eabi.lib</file>
         <name>open.c.obj</name>
      </input_file>
      <input_file id="fl-74">
         <path>/Users/jonathan/ccs/tools/compiler/ti-cgt-msp430_18.12.2.LTS/lib/</path>
         <kind>archive</kind>
         <file>rts430x_lc_sd_eabi.lib</file>
         <name>lseek.c.obj</name>
      </input_file>
      <input_file id="fl-75">
         <path>/Users/jonathan/ccs/tools/compiler/ti-cgt-msp430_18.12.2.LTS/lib/</path>
         <kind>archive</kind>
         <file>rts430x_lc_sd_eabi.lib</file>
         <name>fclose.c.obj</name>
      </input_file>
      <input_file id="fl-76">
         <path>/Users/jonathan/ccs/tools/compiler/ti-cgt-msp430_18.12.2.LTS/lib/</path>
         <kind>archive</kind>
         <file>rts430x_lc_sd_eabi.lib</file>
         <name>getdevice.c.obj</name>
      </input_file>
      <input_file id="fl-77">
         <path>/Users/jonathan/ccs/tools/compiler/ti-cgt-msp430_18.12.2.LTS/lib/</path>
         <kind>archive</kind>
         <file>rts430x_lc_sd_eabi.lib</file>
         <name>lsl32.asm.obj</name>
      </input_file>
      <input_file id="fl-78">
         <path>/Users/jonathan/ccs/tools/compiler/ti-cgt-msp430_18.12.2.LTS/lib/</path>
         <kind>archive</kind>
         <file>rts430x_lc_sd_eabi.lib</file>
         <name>strchr.c.obj</name>
      </input_file>
      <input_file id="fl-79">
         <path>/Users/jonathan/ccs/tools/compiler/ti-cgt-msp430_18.12.2.LTS/lib/</path>
         <kind>archive</kind>
         <file>rts430x_lc_sd_eabi.lib</file>
         <name>strcmp.c.obj</name>
      </input_file>
      <input_file id="fl-7a">
         <path>/Users/jonathan/ccs/tools/compiler/ti-cgt-msp430_18.12.2.LTS/lib/</path>
         <kind>archive</kind>
         <file>rts430x_lc_sd_eabi.lib</file>
         <name>strcpy.c.obj</name>
      </input_file>
      <input_file id="fl-7b">
         <path>/Users/jonathan/ccs/tools/compiler/ti-cgt-msp430_18.12.2.LTS/lib/</path>
         <kind>archive</kind>
         <file>rts430x_lc_sd_eabi.lib</file>
         <name>strncpy.c.obj</name>
      </input_file>
      <input_file id="fl-7c">
         <path>/Users/jonathan/ccs/tools/compiler/ti-cgt-msp430_18.12.2.LTS/lib/</path>
         <kind>archive</kind>
         <file>rts430x_lc_sd_eabi.lib</file>
         <name>remove.c.obj</name>
      </input_file>
      <input_file id="fl-7d">
         <path>/Users/jonathan/ccs/tools/compiler/ti-cgt-msp430_18.12.2.LTS/lib/</path>
         <kind>archive</kind>
         <file>rts430x_lc_sd_eabi.lib</file>
         <name>close.c.obj</name>
      </input_file>
      <input_file id="fl-7e">
         <path>/Users/jonathan/ccs/tools/compiler/ti-cgt-msp430_18.12.2.LTS/lib/</path>
         <kind>archive</kind>
         <file>rts430x_lc_sd_eabi.lib</file>
         <name>unlink.c.obj</name>
      </input_file>
   </input_file_list>
   <object_component_list>
      <object_component id="oc-812">
         <name>.cinit..data.load</name>
         <load_address>0xc400</load_address>
         <run_address>0xc400</run_address>
         <size>0x13c</size>
      </object_component>
      <object_component id="oc-80f">
         <name>__TI_handler_table</name>
         <load_address>0xc53e</load_address>
         <run_address>0xc53e</run_address>
         <size>0xc</size>
      </object_component>
      <object_component id="oc-811">
         <name>.cinit..bss.load</name>
         <load_address>0xc54a</load_address>
         <run_address>0xc54a</run_address>
         <size>0x6</size>
      </object_component>
      <object_component id="oc-810">
         <name>__TI_cinit_table</name>
         <load_address>0xc550</load_address>
         <run_address>0xc550</run_address>
         <size>0x10</size>
      </object_component>
      <object_component id="oc-7a7">
         <name>.binit</name>
         <load_address>0xc560</load_address>
         <run_address>0xc560</run_address>
         <size>0x0</size>
      </object_component>
      <object_component id="oc-582">
         <name>.const:alphabetBig</name>
         <load_address>0xc560</load_address>
         <run_address>0xc560</run_address>
         <size>0x34</size>
         <input_file_ref idref="fl-2"/>
      </object_component>
      <object_component id="oc-4e3">
         <name>.const:GPIO_PORT_TO_BASE</name>
         <load_address>0xc594</load_address>
         <run_address>0xc594</run_address>
         <size>0x1c</size>
         <input_file_ref idref="fl-d"/>
      </object_component>
      <object_component id="oc-62a">
         <name>.const:.string</name>
         <load_address>0xc5b0</load_address>
         <run_address>0xc5b0</run_address>
         <size>0x14</size>
         <input_file_ref idref="fl-36"/>
      </object_component>
      <object_component id="oc-585">
         <name>.const:digit</name>
         <load_address>0xc5c4</load_address>
         <run_address>0xc5c4</run_address>
         <size>0x14</size>
         <input_file_ref idref="fl-2"/>
      </object_component>
      <object_component id="oc-3a3">
         <name>.const:.string</name>
         <load_address>0xc5d8</load_address>
         <run_address>0xc5d8</run_address>
         <size>0x12</size>
         <input_file_ref idref="fl-3"/>
      </object_component>
      <object_component id="oc-474">
         <name>.const:$P$T0$1</name>
         <load_address>0xc5ea</load_address>
         <run_address>0xc5ea</run_address>
         <size>0x10</size>
         <input_file_ref idref="fl-3"/>
      </object_component>
      <object_component id="oc-4d9">
         <name>.const:.string:$P$T1$2</name>
         <load_address>0xc5fa</load_address>
         <run_address>0xc5fa</run_address>
         <size>0x6</size>
         <input_file_ref idref="fl-2"/>
      </object_component>
      <object_component id="oc-5aa">
         <name>.text:_setfield</name>
         <load_address>0xc600</load_address>
         <run_address>0xc600</run_address>
         <size>0x10e</size>
         <input_file_ref idref="fl-36"/>
      </object_component>
      <object_component id="oc-64">
         <name>.text:decompress:lzss:__TI_decompress_lzss</name>
         <load_address>0xc70e</load_address>
         <run_address>0xc70e</run_address>
         <size>0xee</size>
         <input_file_ref idref="fl-5a"/>
      </object_component>
      <object_component id="oc-4fc">
         <name>.text:__TI_printfi_minimal</name>
         <load_address>0xc7fc</load_address>
         <run_address>0xc7fc</run_address>
         <size>0xe2</size>
         <input_file_ref idref="fl-36"/>
      </object_component>
      <object_component id="oc-6bd">
         <name>.text:aligned_alloc</name>
         <load_address>0xc8de</load_address>
         <run_address>0xc8de</run_address>
         <size>0xe0</size>
         <input_file_ref idref="fl-62"/>
      </object_component>
      <object_component id="oc-59c">
         <name>.text:fputs</name>
         <load_address>0xc9be</load_address>
         <run_address>0xc9be</run_address>
         <size>0xde</size>
         <input_file_ref idref="fl-38"/>
      </object_component>
      <object_component id="oc-3a4">
         <name>.text:displayScrollText</name>
         <load_address>0xca9c</load_address>
         <run_address>0xca9c</run_address>
         <size>0xcc</size>
         <input_file_ref idref="fl-2"/>
      </object_component>
      <object_component id="oc-650">
         <name>.text:setvbuf</name>
         <load_address>0xcb68</load_address>
         <run_address>0xcb68</run_address>
         <size>0xcc</size>
         <input_file_ref idref="fl-3a"/>
      </object_component>
      <object_component id="oc-677">
         <name>.text:free</name>
         <load_address>0xcc34</load_address>
         <run_address>0xcc34</run_address>
         <size>0xca</size>
         <input_file_ref idref="fl-62"/>
      </object_component>
      <object_component id="oc-397">
         <name>.text:Init_LCD</name>
         <load_address>0xccfe</load_address>
         <run_address>0xccfe</run_address>
         <size>0xc4</size>
         <input_file_ref idref="fl-2"/>
      </object_component>
      <object_component id="oc-62b">
         <name>.text:_pproc_diouxp</name>
         <load_address>0xcdc2</load_address>
         <run_address>0xcdc2</run_address>
         <size>0xc4</size>
         <input_file_ref idref="fl-36"/>
      </object_component>
      <object_component id="oc-467">
         <name>.text:CS_initClockSignal</name>
         <load_address>0xce86</load_address>
         <run_address>0xce86</run_address>
         <size>0xb8</size>
         <input_file_ref idref="fl-6"/>
      </object_component>
      <object_component id="oc-335">
         <name>.text:main</name>
         <load_address>0xcf3e</load_address>
         <run_address>0xcf3e</run_address>
         <size>0xb6</size>
         <input_file_ref idref="fl-3"/>
      </object_component>
      <object_component id="oc-379">
         <name>.text:Init_GPIO</name>
         <load_address>0xcff4</load_address>
         <run_address>0xcff4</run_address>
         <size>0x9e</size>
         <input_file_ref idref="fl-3"/>
      </object_component>
      <object_component id="oc-47d">
         <name>.text:EUSCI_A_UART_init</name>
         <load_address>0xd092</load_address>
         <run_address>0xd092</run_address>
         <size>0x8e</size>
         <input_file_ref idref="fl-9"/>
      </object_component>
      <object_component id="oc-5a3">
         <name>.text:fputc</name>
         <load_address>0xd120</load_address>
         <run_address>0xd120</run_address>
         <size>0x8c</size>
         <input_file_ref idref="fl-37"/>
      </object_component>
      <object_component id="oc-4dc">
         <name>.text:showChar</name>
         <load_address>0xd1ac</load_address>
         <run_address>0xd1ac</run_address>
         <size>0x8c</size>
         <input_file_ref idref="fl-2"/>
      </object_component>
      <object_component id="oc-490">
         <name>.text:LCD_E_setPinAsLCDFunctionEx</name>
         <load_address>0xd238</load_address>
         <run_address>0xd238</run_address>
         <size>0x84</size>
         <input_file_ref idref="fl-f"/>
      </object_component>
      <object_component id="oc-6e8">
         <name>.text:HOSTlseek</name>
         <load_address>0xd2bc</load_address>
         <run_address>0xd2bc</run_address>
         <size>0x82</size>
         <input_file_ref idref="fl-6c"/>
      </object_component>
      <object_component id="oc-391">
         <name>.text:Init_UART</name>
         <load_address>0xd33e</load_address>
         <run_address>0xd33e</run_address>
         <size>0x80</size>
         <input_file_ref idref="fl-3"/>
      </object_component>
      <object_component id="oc-608">
         <name>.text:__TI_wrt_ok</name>
         <load_address>0xd3be</load_address>
         <run_address>0xd3be</run_address>
         <size>0x7a</size>
         <input_file_ref idref="fl-39"/>
      </object_component>
      <object_component id="oc-4ba">
         <name>.text:LCD_E_setPinAsCOM</name>
         <load_address>0xd438</load_address>
         <run_address>0xd438</run_address>
         <size>0x6e</size>
         <input_file_ref idref="fl-f"/>
      </object_component>
      <object_component id="oc-6f4">
         <name>.text:HOSTrename</name>
         <load_address>0xd4a6</load_address>
         <run_address>0xd4a6</run_address>
         <size>0x6a</size>
         <input_file_ref idref="fl-6f"/>
      </object_component>
      <object_component id="oc-3f2">
         <name>.text:__TI_auto_init_nobinit_nopinit_hold_wdt:__TI_auto_init_nobinit_nopinit_hold_wdt</name>
         <load_address>0xd510</load_address>
         <run_address>0xd510</run_address>
         <size>0x6a</size>
         <input_file_ref idref="fl-51"/>
      </object_component>
      <object_component id="oc-64a">
         <name>.text:fseek</name>
         <load_address>0xd57a</load_address>
         <run_address>0xd57a</run_address>
         <size>0x6a</size>
         <input_file_ref idref="fl-69"/>
      </object_component>
      <object_component id="oc-708">
         <name>.text:split</name>
         <load_address>0xd5e4</load_address>
         <run_address>0xd5e4</run_address>
         <size>0x6a</size>
         <input_file_ref idref="fl-62"/>
      </object_component>
      <object_component id="oc-6c4">
         <name>.text:__TI_closefile</name>
         <load_address>0xd64e</load_address>
         <run_address>0xd64e</run_address>
         <size>0x68</size>
         <input_file_ref idref="fl-75"/>
      </object_component>
      <object_component id="oc-6d0">
         <name>.text:HOSTopen</name>
         <load_address>0xd6b6</load_address>
         <run_address>0xd6b6</run_address>
         <size>0x64</size>
         <input_file_ref idref="fl-6d"/>
      </object_component>
      <object_component id="oc-614">
         <name>.text:__TI_doflush</name>
         <load_address>0xd71a</load_address>
         <run_address>0xd71a</run_address>
         <size>0x62</size>
         <input_file_ref idref="fl-67"/>
      </object_component>
      <object_component id="oc-6e2">
         <name>.text:HOSTwrite</name>
         <load_address>0xd77c</load_address>
         <run_address>0xd77c</run_address>
         <size>0x60</size>
         <input_file_ref idref="fl-71"/>
      </object_component>
      <object_component id="oc-6dc">
         <name>.text:HOSTread</name>
         <load_address>0xd7dc</load_address>
         <run_address>0xd7dc</run_address>
         <size>0x5e</size>
         <input_file_ref idref="fl-6e"/>
      </object_component>
      <object_component id="oc-3c1">
         <name>.text:Timer_A_outputPWM</name>
         <load_address>0xd83a</load_address>
         <run_address>0xd83a</run_address>
         <size>0x56</size>
         <input_file_ref idref="fl-17"/>
      </object_component>
      <object_component id="oc-74e">
         <name>.text:getdevice</name>
         <load_address>0xd890</load_address>
         <run_address>0xd890</run_address>
         <size>0x54</size>
         <input_file_ref idref="fl-76"/>
      </object_component>
      <object_component id="oc-385">
         <name>.text:Init_ADC</name>
         <load_address>0xd8e4</load_address>
         <run_address>0xd8e4</run_address>
         <size>0x52</size>
         <input_file_ref idref="fl-3"/>
      </object_component>
      <object_component id="oc-70f">
         <name>.text:close</name>
         <load_address>0xd936</load_address>
         <run_address>0xd936</run_address>
         <size>0x4a</size>
         <input_file_ref idref="fl-7d"/>
      </object_component>
      <object_component id="oc-3d4">
         <name>.text:exit</name>
         <load_address>0xd980</load_address>
         <run_address>0xd980</run_address>
         <size>0x48</size>
         <input_file_ref idref="fl-5b"/>
      </object_component>
      <object_component id="oc-6d6">
         <name>.text:HOSTclose</name>
         <load_address>0xd9c8</load_address>
         <run_address>0xd9c8</run_address>
         <size>0x46</size>
         <input_file_ref idref="fl-6b"/>
      </object_component>
      <object_component id="oc-6ee">
         <name>.text:HOSTunlink</name>
         <load_address>0xda0e</load_address>
         <run_address>0xda0e</run_address>
         <size>0x42</size>
         <input_file_ref idref="fl-70"/>
      </object_component>
      <object_component id="oc-28d">
         <name>.text:__memcpy_far</name>
         <load_address>0xda50</load_address>
         <run_address>0xda50</run_address>
         <size>0x40</size>
         <input_file_ref idref="fl-6a"/>
      </object_component>
      <object_component id="oc-3b6">
         <name>.text:printf</name>
         <load_address>0xda90</load_address>
         <run_address>0xda90</run_address>
         <size>0x40</size>
         <input_file_ref idref="fl-35"/>
      </object_component>
      <object_component id="oc-2aa">
         <name>.text:decompress:ZI:__TI_zero_init_nomemset:__TI_zero_init_nomemset</name>
         <load_address>0xdad0</load_address>
         <run_address>0xdad0</run_address>
         <size>0x3e</size>
         <input_file_ref idref="fl-52"/>
      </object_component>
      <object_component id="oc-736">
         <name>.text:l_lsl_const</name>
         <load_address>0xdb0e</load_address>
         <run_address>0xdb0e</run_address>
         <size>0x3e</size>
         <input_file_ref idref="fl-77"/>
      </object_component>
      <object_component id="oc-38b">
         <name>.text:Init_Clock</name>
         <load_address>0xdb4c</load_address>
         <run_address>0xdb4c</run_address>
         <size>0x3c</size>
         <input_file_ref idref="fl-3"/>
      </object_component>
      <object_component id="oc-6a">
         <name>.text:decompress:none:__TI_decompress_none</name>
         <load_address>0xdb88</load_address>
         <run_address>0xdb88</run_address>
         <size>0x3c</size>
         <input_file_ref idref="fl-59"/>
      </object_component>
      <object_component id="oc-442">
         <name>.text:ADC_init</name>
         <load_address>0xdbc4</load_address>
         <run_address>0xdbc4</run_address>
         <size>0x34</size>
         <input_file_ref idref="fl-4"/>
      </object_component>
      <object_component id="oc-43c">
         <name>.text:GPIO_setAsPeripheralModuleFunctionInputPin</name>
         <load_address>0xdbf8</load_address>
         <run_address>0xdbf8</run_address>
         <size>0x32</size>
         <input_file_ref idref="fl-d"/>
      </object_component>
      <object_component id="oc-683">
         <name>.text:__TI_cleanup</name>
         <load_address>0xdc2a</load_address>
         <run_address>0xdc2a</run_address>
         <size>0x32</size>
         <input_file_ref idref="fl-68"/>
      </object_component>
      <object_component id="oc-2a4">
         <name>.text:_isr:EUSCIA0_ISR</name>
         <load_address>0xdc5c</load_address>
         <run_address>0xdc5c</run_address>
         <size>0x32</size>
         <input_file_ref idref="fl-3"/>
      </object_component>
      <object_component id="oc-454">
         <name>.text:ADC_configureMemory</name>
         <load_address>0xdc8e</load_address>
         <run_address>0xdc8e</run_address>
         <size>0x30</size>
         <input_file_ref idref="fl-4"/>
      </object_component>
      <object_component id="oc-46d">
         <name>.text:CS_turnOnXT1LF</name>
         <load_address>0xdcbe</load_address>
         <run_address>0xdcbe</run_address>
         <size>0x30</size>
         <input_file_ref idref="fl-6"/>
      </object_component>
      <object_component id="oc-29e">
         <name>.text:_isr:ADC_ISR</name>
         <load_address>0xdcee</load_address>
         <run_address>0xdcee</run_address>
         <size>0x30</size>
         <input_file_ref idref="fl-3"/>
      </object_component>
      <object_component id="oc-435">
         <name>.text:GPIO_setAsPeripheralModuleFunctionOutputPin</name>
         <load_address>0xdd1e</load_address>
         <run_address>0xdd1e</run_address>
         <size>0x2e</size>
         <input_file_ref idref="fl-d"/>
      </object_component>
      <object_component id="oc-723">
         <name>.text:__TI_writemsg</name>
         <load_address>0xdd4c</load_address>
         <run_address>0xdd4c</run_address>
         <size>0x2e</size>
         <input_file_ref idref="fl-72"/>
      </object_component>
      <object_component id="oc-77d">
         <name>.text:finddevice</name>
         <load_address>0xdd7a</load_address>
         <run_address>0xdd7a</run_address>
         <size>0x2e</size>
         <input_file_ref idref="fl-76"/>
      </object_component>
      <object_component id="oc-37f">
         <name>.text:Init_PWM</name>
         <load_address>0xdda8</load_address>
         <run_address>0xdda8</run_address>
         <size>0x2c</size>
         <input_file_ref idref="fl-3"/>
      </object_component>
      <object_component id="oc-729">
         <name>.text:__TI_readmsg</name>
         <load_address>0xddd4</load_address>
         <run_address>0xddd4</run_address>
         <size>0x2c</size>
         <input_file_ref idref="fl-72"/>
      </object_component>
      <object_component id="oc-57d">
         <name>.text</name>
         <load_address>0xde00</load_address>
         <run_address>0xde00</run_address>
         <size>0x2c</size>
         <input_file_ref idref="fl-3b"/>
      </object_component>
      <object_component id="oc-777">
         <name>.text:strncpy</name>
         <load_address>0xde2c</load_address>
         <run_address>0xde2c</run_address>
         <size>0x2c</size>
         <input_file_ref idref="fl-7b"/>
      </object_component>
      <object_component id="oc-716">
         <name>.text:unlink</name>
         <load_address>0xde58</load_address>
         <run_address>0xde58</run_address>
         <size>0x2a</size>
         <input_file_ref idref="fl-7e"/>
      </object_component>
      <object_component id="oc-496">
         <name>.text:LCD_E_init</name>
         <load_address>0xde82</load_address>
         <run_address>0xde82</run_address>
         <size>0x28</size>
         <input_file_ref idref="fl-f"/>
      </object_component>
      <object_component id="oc-6b6">
         <name>.text:free_list_insert</name>
         <load_address>0xdeaa</load_address>
         <run_address>0xdeaa</run_address>
         <size>0x28</size>
         <input_file_ref idref="fl-62"/>
      </object_component>
      <object_component id="oc-422">
         <name>.text:GPIO_setAsInputPinWithPullUpResistor</name>
         <load_address>0xded2</load_address>
         <run_address>0xded2</run_address>
         <size>0x26</size>
         <input_file_ref idref="fl-d"/>
      </object_component>
      <object_component id="oc-66f">
         <name>.text:lseek</name>
         <load_address>0xdef8</load_address>
         <run_address>0xdef8</run_address>
         <size>0x26</size>
         <input_file_ref idref="fl-74"/>
      </object_component>
      <object_component id="oc-61a">
         <name>.text:write</name>
         <load_address>0xdf1e</load_address>
         <run_address>0xdf1e</run_address>
         <size>0x24</size>
         <input_file_ref idref="fl-65"/>
      </object_component>
      <object_component id="oc-568">
         <name>.text:setLCDFunction</name>
         <load_address>0xdf42</load_address>
         <run_address>0xdf42</run_address>
         <size>0x20</size>
         <input_file_ref idref="fl-f"/>
      </object_component>
      <object_component id="oc-2bc">
         <name>.text:_isr:_c_int00_noargs</name>
         <load_address>0xdf62</load_address>
         <run_address>0xdf62</run_address>
         <size>0x1c</size>
         <input_file_ref idref="fl-50"/>
      </object_component>
      <object_component id="oc-6b0">
         <name>.text:free_list_remove</name>
         <load_address>0xdf7e</load_address>
         <run_address>0xdf7e</run_address>
         <size>0x1c</size>
         <input_file_ref idref="fl-62"/>
      </object_component>
      <object_component id="oc-3c7">
         <name>.text:ADC_startConversion</name>
         <load_address>0xdf9a</load_address>
         <run_address>0xdf9a</run_address>
         <size>0x1a</size>
         <input_file_ref idref="fl-4"/>
      </object_component>
      <object_component id="oc-3aa">
         <name>.text:GPIO_getInputPinValue</name>
         <load_address>0xdfb4</load_address>
         <run_address>0xdfb4</run_address>
         <size>0x1a</size>
         <input_file_ref idref="fl-d"/>
      </object_component>
      <object_component id="oc-428">
         <name>.text:GPIO_setAsOutputPin</name>
         <load_address>0xdfce</load_address>
         <run_address>0xdfce</run_address>
         <size>0x1a</size>
         <input_file_ref idref="fl-d"/>
      </object_component>
      <object_component id="oc-631">
         <name>.text:memccpy</name>
         <load_address>0xdfe8</load_address>
         <run_address>0xdfe8</run_address>
         <size>0x1a</size>
         <input_file_ref idref="fl-5f"/>
      </object_component>
      <object_component id="oc-771">
         <name>.text:strchr</name>
         <load_address>0xe002</load_address>
         <run_address>0xe002</run_address>
         <size>0x1a</size>
         <input_file_ref idref="fl-78"/>
      </object_component>
      <object_component id="oc-796">
         <name>.text:strcmp</name>
         <load_address>0xe01c</load_address>
         <run_address>0xe01c</run_address>
         <size>0x18</size>
         <input_file_ref idref="fl-79"/>
      </object_component>
      <object_component id="oc-489">
         <name>.text:EUSCI_A_UART_enableInterrupt</name>
         <load_address>0xe034</load_address>
         <run_address>0xe034</run_address>
         <size>0x16</size>
         <input_file_ref idref="fl-9"/>
      </object_component>
      <object_component id="oc-42e">
         <name>.text:GPIO_setOutputLowOnPin</name>
         <load_address>0xe04a</load_address>
         <run_address>0xe04a</run_address>
         <size>0x16</size>
         <input_file_ref idref="fl-d"/>
      </object_component>
      <object_component id="oc-5f9">
         <name>.text</name>
         <load_address>0xe060</load_address>
         <run_address>0xe060</run_address>
         <size>0x16</size>
         <input_file_ref idref="fl-3c"/>
      </object_component>
      <object_component id="oc-44e">
         <name>.text:ADC_setupSamplingTimer</name>
         <load_address>0xe076</load_address>
         <run_address>0xe076</run_address>
         <size>0x14</size>
         <input_file_ref idref="fl-4"/>
      </object_component>
      <object_component id="oc-31b">
         <name>.text:EUSCI_A_UART_receiveData</name>
         <load_address>0xe08a</load_address>
         <run_address>0xe08a</run_address>
         <size>0x14</size>
         <input_file_ref idref="fl-9"/>
      </object_component>
      <object_component id="oc-321">
         <name>.text:EUSCI_A_UART_transmitData</name>
         <load_address>0xe09e</load_address>
         <run_address>0xe09e</run_address>
         <size>0x14</size>
         <input_file_ref idref="fl-9"/>
      </object_component>
      <object_component id="oc-373">
         <name>.text:WDT_A_hold</name>
         <load_address>0xe0b2</load_address>
         <run_address>0xe0b2</run_address>
         <size>0x14</size>
         <input_file_ref idref="fl-1a"/>
      </object_component>
      <object_component id="oc-60e">
         <name>.text:memchr</name>
         <load_address>0xe0c6</load_address>
         <run_address>0xe0c6</run_address>
         <size>0x14</size>
         <input_file_ref idref="fl-60"/>
      </object_component>
      <object_component id="oc-624">
         <name>.text:memset</name>
         <load_address>0xe0da</load_address>
         <run_address>0xe0da</run_address>
         <size>0x14</size>
         <input_file_ref idref="fl-63"/>
      </object_component>
      <object_component id="oc-5db">
         <name>.text</name>
         <load_address>0xe0ee</load_address>
         <run_address>0xe0ee</run_address>
         <size>0x14</size>
         <input_file_ref idref="fl-4e"/>
      </object_component>
      <object_component id="oc-49c">
         <name>.text:LCD_E_setVLCDSource</name>
         <load_address>0xe102</load_address>
         <run_address>0xe102</run_address>
         <size>0x12</size>
         <input_file_ref idref="fl-f"/>
      </object_component>
      <object_component id="oc-477">
         <name>.text:memcpy</name>
         <load_address>0xe114</load_address>
         <run_address>0xe114</run_address>
         <size>0x12</size>
         <input_file_ref idref="fl-61"/>
      </object_component>
      <object_component id="oc-73f">
         <name>.text:strcpy</name>
         <load_address>0xe126</load_address>
         <run_address>0xe126</run_address>
         <size>0x10</size>
         <input_file_ref idref="fl-7a"/>
      </object_component>
      <object_component id="oc-4c0">
         <name>.text:LCD_E_selectDisplayMemory</name>
         <load_address>0xe136</load_address>
         <run_address>0xe136</run_address>
         <size>0xe</size>
         <input_file_ref idref="fl-f"/>
      </object_component>
      <object_component id="oc-4ae">
         <name>.text:LCD_E_setChargePumpFreq</name>
         <load_address>0xe144</load_address>
         <run_address>0xe144</run_address>
         <size>0xe</size>
         <input_file_ref idref="fl-f"/>
      </object_component>
      <object_component id="oc-4a2">
         <name>.text:LCD_E_setVLCDVoltage</name>
         <load_address>0xe152</load_address>
         <run_address>0xe152</run_address>
         <size>0xe</size>
         <input_file_ref idref="fl-f"/>
      </object_component>
      <object_component id="oc-4d3">
         <name>.text:strlen</name>
         <load_address>0xe160</load_address>
         <run_address>0xe160</run_address>
         <size>0xe</size>
         <input_file_ref idref="fl-64"/>
      </object_component>
      <object_component id="oc-4c6">
         <name>.text:LCD_E_on</name>
         <load_address>0xe16e</load_address>
         <run_address>0xe16e</run_address>
         <size>0xc</size>
         <input_file_ref idref="fl-f"/>
      </object_component>
      <object_component id="oc-461">
         <name>.text:CS_setExternalClockSource</name>
         <load_address>0xe17a</load_address>
         <run_address>0xe17a</run_address>
         <size>0xa</size>
         <input_file_ref idref="fl-6"/>
      </object_component>
      <object_component id="oc-54e">
         <name>.text</name>
         <load_address>0xe184</load_address>
         <run_address>0xe184</run_address>
         <size>0xa</size>
         <input_file_ref idref="fl-4c"/>
      </object_component>
      <object_component id="oc-563">
         <name>.text</name>
         <load_address>0xe18e</load_address>
         <run_address>0xe18e</run_address>
         <size>0xa</size>
         <input_file_ref idref="fl-4d"/>
      </object_component>
      <object_component id="oc-448">
         <name>.text:ADC_enable</name>
         <load_address>0xe198</load_address>
         <run_address>0xe198</run_address>
         <size>0x8</size>
         <input_file_ref idref="fl-4"/>
      </object_component>
      <object_component id="oc-2f4">
         <name>.text:ADC_getInterruptStatus</name>
         <load_address>0xe1a0</load_address>
         <run_address>0xe1a0</run_address>
         <size>0x8</size>
         <input_file_ref idref="fl-4"/>
      </object_component>
      <object_component id="oc-30f">
         <name>.text:EUSCI_A_UART_getInterruptStatus</name>
         <load_address>0xe1a8</load_address>
         <run_address>0xe1a8</run_address>
         <size>0x8</size>
         <input_file_ref idref="fl-9"/>
      </object_component>
      <object_component id="oc-4a8">
         <name>.text:LCD_E_enableChargePump</name>
         <load_address>0xe1b0</load_address>
         <run_address>0xe1b0</run_address>
         <size>0x8</size>
         <input_file_ref idref="fl-f"/>
      </object_component>
      <object_component id="oc-3b0">
         <name>.text:Timer_A_stop</name>
         <load_address>0xe1b8</load_address>
         <run_address>0xe1b8</run_address>
         <size>0x8</size>
         <input_file_ref idref="fl-17"/>
      </object_component>
      <object_component id="oc-299">
         <name>.text:_isr:__TI_ISR_TRAP</name>
         <load_address>0xe1c0</load_address>
         <run_address>0xe1c0</run_address>
         <size>0x8</size>
         <input_file_ref idref="fl-4b"/>
      </object_component>
      <object_component id="oc-67d">
         <name>.text:malloc</name>
         <load_address>0xe1c8</load_address>
         <run_address>0xe1c8</run_address>
         <size>0x8</size>
         <input_file_ref idref="fl-62"/>
      </object_component>
      <object_component id="oc-2fa">
         <name>.text:ADC_clearInterrupt</name>
         <load_address>0xe1d0</load_address>
         <run_address>0xe1d0</run_address>
         <size>0x6</size>
         <input_file_ref idref="fl-4"/>
      </object_component>
      <object_component id="oc-45a">
         <name>.text:ADC_enableInterrupt</name>
         <load_address>0xe1d6</load_address>
         <run_address>0xe1d6</run_address>
         <size>0x6</size>
         <input_file_ref idref="fl-4"/>
      </object_component>
      <object_component id="oc-303">
         <name>.text:ADC_getResults</name>
         <load_address>0xe1dc</load_address>
         <run_address>0xe1dc</run_address>
         <size>0x6</size>
         <input_file_ref idref="fl-4"/>
      </object_component>
      <object_component id="oc-315">
         <name>.text:EUSCI_A_UART_clearInterrupt</name>
         <load_address>0xe1e2</load_address>
         <run_address>0xe1e2</run_address>
         <size>0x6</size>
         <input_file_ref idref="fl-9"/>
      </object_component>
      <object_component id="oc-483">
         <name>.text:EUSCI_A_UART_enable</name>
         <load_address>0xe1e8</load_address>
         <run_address>0xe1e8</run_address>
         <size>0x6</size>
         <input_file_ref idref="fl-9"/>
      </object_component>
      <object_component id="oc-4b4">
         <name>.text:LCD_E_clearAllMemory</name>
         <load_address>0xe1ee</load_address>
         <run_address>0xe1ee</run_address>
         <size>0x6</size>
         <input_file_ref idref="fl-f"/>
      </object_component>
      <object_component id="oc-39d">
         <name>.text:PMM_unlockLPM5</name>
         <load_address>0xe1f4</load_address>
         <run_address>0xe1f4</run_address>
         <size>0x6</size>
         <input_file_ref idref="fl-11"/>
      </object_component>
      <object_component id="oc-4f6">
         <name>.text:_outc</name>
         <load_address>0xe1fa</load_address>
         <run_address>0xe1fa</run_address>
         <size>0x6</size>
         <input_file_ref idref="fl-35"/>
      </object_component>
      <object_component id="oc-3ce">
         <name>.text:abort</name>
         <load_address>0xe200</load_address>
         <run_address>0xe200</run_address>
         <size>0x6</size>
         <input_file_ref idref="fl-5b"/>
      </object_component>
      <object_component id="oc-4f0">
         <name>.text:_outs</name>
         <load_address>0xe206</load_address>
         <run_address>0xe206</run_address>
         <size>0x4</size>
         <input_file_ref idref="fl-35"/>
      </object_component>
      <object_component id="oc-32f">
         <name>.text:_system_pre_init</name>
         <load_address>0xe20a</load_address>
         <run_address>0xe20a</run_address>
         <size>0x4</size>
         <input_file_ref idref="fl-57"/>
      </object_component>
      <object_component id="oc-58f">
         <name>.text:_nop</name>
         <load_address>0xe20e</load_address>
         <run_address>0xe20e</run_address>
         <size>0x2</size>
         <input_file_ref idref="fl-5c"/>
      </object_component>
      <object_component id="oc-523">
         <name>.text:_system_post_cinit</name>
         <load_address>0xe210</load_address>
         <run_address>0xe210</run_address>
         <size>0x2</size>
         <input_file_ref idref="fl-58"/>
      </object_component>
      <object_component id="oc-700">
         <name>.bss</name>
         <uninitialized>true</uninitialized>
         <run_address>0x230a</run_address>
         <size>0x2</size>
         <input_file_ref idref="fl-62"/>
      </object_component>
      <object_component id="oc-3bc">
         <name>.common:param</name>
         <uninitialized>true</uninitialized>
         <run_address>0x22f6</run_address>
         <size>0xc</size>
      </object_component>
      <object_component id="oc-715">
         <name>.common:__TI_tmpnams</name>
         <uninitialized>true</uninitialized>
         <run_address>0x2256</run_address>
         <size>0xa0</size>
      </object_component>
      <object_component id="oc-720">
         <name>.common:parmbuf</name>
         <uninitialized>true</uninitialized>
         <run_address>0x2302</run_address>
         <size>0x8</size>
      </object_component>
      <object_component id="oc-300">
         <name>.data</name>
         <load_address>0x212c</load_address>
         <run_address>0x212c</run_address>
         <size>0x4</size>
         <input_file_ref idref="fl-3"/>
      </object_component>
      <object_component id="oc-555">
         <name>.data</name>
         <load_address>0x2128</load_address>
         <run_address>0x2128</run_address>
         <size>0x4</size>
         <input_file_ref idref="fl-6"/>
      </object_component>
      <object_component id="oc-51e">
         <name>.data:__TI_cleanup_ptr</name>
         <load_address>0x2118</load_address>
         <run_address>0x2118</run_address>
         <size>0x4</size>
         <input_file_ref idref="fl-53"/>
      </object_component>
      <object_component id="oc-51b">
         <name>.data:__TI_dtors_ptr</name>
         <load_address>0x211c</load_address>
         <run_address>0x211c</run_address>
         <size>0x4</size>
         <input_file_ref idref="fl-53"/>
      </object_component>
      <object_component id="oc-518">
         <name>.data</name>
         <load_address>0x2132</load_address>
         <run_address>0x2132</run_address>
         <size>0x2</size>
         <input_file_ref idref="fl-5b"/>
      </object_component>
      <object_component id="oc-4ea">
         <name>.data:_lock</name>
         <load_address>0x2120</load_address>
         <run_address>0x2120</run_address>
         <size>0x4</size>
         <input_file_ref idref="fl-5c"/>
      </object_component>
      <object_component id="oc-502">
         <name>.data:_unlock</name>
         <load_address>0x2124</load_address>
         <run_address>0x2124</run_address>
         <size>0x4</size>
         <input_file_ref idref="fl-5c"/>
      </object_component>
      <object_component id="oc-4ed">
         <name>.data:_ftable</name>
         <load_address>0x2078</load_address>
         <run_address>0x2078</run_address>
         <size>0x78</size>
         <input_file_ref idref="fl-5e"/>
      </object_component>
      <object_component id="oc-6ca">
         <name>.data</name>
         <load_address>0x2130</load_address>
         <run_address>0x2130</run_address>
         <size>0x2</size>
         <input_file_ref idref="fl-5e"/>
      </object_component>
      <object_component id="oc-705">
         <name>.data</name>
         <load_address>0x2134</load_address>
         <run_address>0x2134</run_address>
         <size>0x2</size>
         <input_file_ref idref="fl-62"/>
      </object_component>
      <object_component id="oc-696">
         <name>.data:_device</name>
         <load_address>0x2000</load_address>
         <run_address>0x2000</run_address>
         <size>0x78</size>
         <input_file_ref idref="fl-66"/>
      </object_component>
      <object_component id="oc-65c">
         <name>.data:_stream</name>
         <load_address>0x20f0</load_address>
         <run_address>0x20f0</run_address>
         <size>0x28</size>
         <input_file_ref idref="fl-66"/>
      </object_component>
      <object_component id="oc-75a">
         <name>.cio</name>
         <uninitialized>true</uninitialized>
         <run_address>0x2136</run_address>
         <size>0x120</size>
         <input_file_ref idref="fl-72"/>
      </object_component>
      <object_component id="oc-27f">
         <name>.sysmem</name>
         <uninitialized>true</uninitialized>
         <run_address>0x230c</run_address>
         <size>0x8</size>
         <input_file_ref idref="fl-62"/>
      </object_component>
      <object_component id="oc-814">
         <name>.sysmem</name>
         <uninitialized>true</uninitialized>
         <run_address>0x230c</run_address>
         <size>0x0</size>
      </object_component>
      <object_component id="oc-27b">
         <name>.stack</name>
         <uninitialized>true</uninitialized>
         <run_address>0x2760</run_address>
         <size>0x2</size>
         <input_file_ref idref="fl-50"/>
      </object_component>
      <object_component id="oc-813">
         <name>.stack</name>
         <uninitialized>true</uninitialized>
         <run_address>0x2760</run_address>
         <size>0x0</size>
      </object_component>
      <object_component id="oc-70">
         <name>.int45</name>
         <load_address>0xffe2</load_address>
         <run_address>0xffe2</run_address>
         <size>0x2</size>
         <input_file_ref idref="fl-3f"/>
      </object_component>
      <object_component id="oc-71">
         <name>.int46</name>
         <load_address>0xffe4</load_address>
         <run_address>0xffe4</run_address>
         <size>0x2</size>
         <input_file_ref idref="fl-40"/>
      </object_component>
      <object_component id="oc-72">
         <name>.int47</name>
         <load_address>0xffe6</load_address>
         <run_address>0xffe6</run_address>
         <size>0x2</size>
         <input_file_ref idref="fl-41"/>
      </object_component>
      <object_component id="oc-73">
         <name>.int48</name>
         <load_address>0xffe8</load_address>
         <run_address>0xffe8</run_address>
         <size>0x2</size>
         <input_file_ref idref="fl-3"/>
      </object_component>
      <object_component id="oc-74">
         <name>.int49</name>
         <load_address>0xffea</load_address>
         <run_address>0xffea</run_address>
         <size>0x2</size>
         <input_file_ref idref="fl-42"/>
      </object_component>
      <object_component id="oc-75">
         <name>.int50</name>
         <load_address>0xffec</load_address>
         <run_address>0xffec</run_address>
         <size>0x2</size>
         <input_file_ref idref="fl-3"/>
      </object_component>
      <object_component id="oc-76">
         <name>.int51</name>
         <load_address>0xffee</load_address>
         <run_address>0xffee</run_address>
         <size>0x2</size>
         <input_file_ref idref="fl-43"/>
      </object_component>
      <object_component id="oc-77">
         <name>.int52</name>
         <load_address>0xfff0</load_address>
         <run_address>0xfff0</run_address>
         <size>0x2</size>
         <input_file_ref idref="fl-44"/>
      </object_component>
      <object_component id="oc-78">
         <name>.int53</name>
         <load_address>0xfff2</load_address>
         <run_address>0xfff2</run_address>
         <size>0x2</size>
         <input_file_ref idref="fl-45"/>
      </object_component>
      <object_component id="oc-79">
         <name>.int54</name>
         <load_address>0xfff4</load_address>
         <run_address>0xfff4</run_address>
         <size>0x2</size>
         <input_file_ref idref="fl-46"/>
      </object_component>
      <object_component id="oc-7a">
         <name>.int55</name>
         <load_address>0xfff6</load_address>
         <run_address>0xfff6</run_address>
         <size>0x2</size>
         <input_file_ref idref="fl-47"/>
      </object_component>
      <object_component id="oc-7b">
         <name>.int56</name>
         <load_address>0xfff8</load_address>
         <run_address>0xfff8</run_address>
         <size>0x2</size>
         <input_file_ref idref="fl-48"/>
      </object_component>
      <object_component id="oc-7c">
         <name>.int57</name>
         <load_address>0xfffa</load_address>
         <run_address>0xfffa</run_address>
         <size>0x2</size>
         <input_file_ref idref="fl-49"/>
      </object_component>
      <object_component id="oc-7d">
         <name>.int58</name>
         <load_address>0xfffc</load_address>
         <run_address>0xfffc</run_address>
         <size>0x2</size>
         <input_file_ref idref="fl-4a"/>
      </object_component>
      <object_component id="oc-27e">
         <name>.reset</name>
         <load_address>0xfffe</load_address>
         <run_address>0xfffe</run_address>
         <size>0x2</size>
         <input_file_ref idref="fl-50"/>
      </object_component>
      <object_component id="oc-3bd">
         <name>.debug_info</name>
         <load_address>0x0</load_address>
         <run_address>0x0</run_address>
         <size>0x47b</size>
         <input_file_ref idref="fl-2"/>
      </object_component>
      <object_component id="oc-586">
         <name>.debug_info</name>
         <load_address>0x47b</load_address>
         <run_address>0x47b</run_address>
         <size>0xd3</size>
         <input_file_ref idref="fl-2"/>
      </object_component>
      <object_component id="oc-583">
         <name>.debug_info</name>
         <load_address>0x54e</load_address>
         <run_address>0x54e</run_address>
         <size>0xdf</size>
         <input_file_ref idref="fl-2"/>
      </object_component>
      <object_component id="oc-4da">
         <name>.debug_info</name>
         <load_address>0x62d</load_address>
         <run_address>0x62d</run_address>
         <size>0xd6</size>
         <input_file_ref idref="fl-2"/>
      </object_component>
      <object_component id="oc-4dd">
         <name>.debug_info</name>
         <load_address>0x703</load_address>
         <run_address>0x703</run_address>
         <size>0x1a1</size>
         <input_file_ref idref="fl-2"/>
      </object_component>
      <object_component id="oc-3a5">
         <name>.debug_info</name>
         <load_address>0x8a4</load_address>
         <run_address>0x8a4</run_address>
         <size>0x1ee</size>
         <input_file_ref idref="fl-2"/>
      </object_component>
      <object_component id="oc-398">
         <name>.debug_info</name>
         <load_address>0xa92</load_address>
         <run_address>0xa92</run_address>
         <size>0x296</size>
         <input_file_ref idref="fl-2"/>
      </object_component>
      <object_component id="oc-414">
         <name>.debug_info</name>
         <load_address>0xd28</load_address>
         <run_address>0xd28</run_address>
         <size>0x26b</size>
         <input_file_ref idref="fl-2"/>
      </object_component>
      <object_component id="oc-5ec">
         <name>.debug_info</name>
         <load_address>0xf93</load_address>
         <run_address>0xf93</run_address>
         <size>0x76</size>
         <input_file_ref idref="fl-2"/>
      </object_component>
      <object_component id="oc-41b">
         <name>.debug_info</name>
         <load_address>0x1009</load_address>
         <run_address>0x1009</run_address>
         <size>0xee</size>
         <input_file_ref idref="fl-2"/>
      </object_component>
      <object_component id="oc-4cd">
         <name>.debug_info</name>
         <load_address>0x10f7</load_address>
         <run_address>0x10f7</run_address>
         <size>0x9e</size>
         <input_file_ref idref="fl-2"/>
      </object_component>
      <object_component id="oc-509">
         <name>.debug_info</name>
         <load_address>0x1195</load_address>
         <run_address>0x1195</run_address>
         <size>0x392</size>
         <input_file_ref idref="fl-2"/>
      </object_component>
      <object_component id="oc-30a">
         <name>.debug_info</name>
         <load_address>0x1527</load_address>
         <run_address>0x1527</run_address>
         <size>0x8b</size>
         <input_file_ref idref="fl-2"/>
      </object_component>
      <object_component id="oc-40d">
         <name>.debug_info</name>
         <load_address>0x15b2</load_address>
         <run_address>0x15b2</run_address>
         <size>0x275</size>
         <input_file_ref idref="fl-2"/>
      </object_component>
      <object_component id="oc-363">
         <name>.debug_info</name>
         <load_address>0x1827</load_address>
         <run_address>0x1827</run_address>
         <size>0xbb</size>
         <input_file_ref idref="fl-2"/>
      </object_component>
      <object_component id="oc-50e">
         <name>.debug_info</name>
         <load_address>0x18e2</load_address>
         <run_address>0x18e2</run_address>
         <size>0x2c</size>
         <input_file_ref idref="fl-2"/>
      </object_component>
      <object_component id="oc-3bf">
         <name>.debug_info</name>
         <load_address>0x190e</load_address>
         <run_address>0x190e</run_address>
         <size>0x9d1</size>
         <input_file_ref idref="fl-3"/>
      </object_component>
      <object_component id="oc-301">
         <name>.debug_info</name>
         <load_address>0x22df</load_address>
         <run_address>0x22df</run_address>
         <size>0xf9</size>
         <input_file_ref idref="fl-3"/>
      </object_component>
      <object_component id="oc-475">
         <name>.debug_info</name>
         <load_address>0x23d8</load_address>
         <run_address>0x23d8</run_address>
         <size>0xd3</size>
         <input_file_ref idref="fl-3"/>
      </object_component>
      <object_component id="oc-37a">
         <name>.debug_info</name>
         <load_address>0x24ab</load_address>
         <run_address>0x24ab</run_address>
         <size>0x283</size>
         <input_file_ref idref="fl-3"/>
      </object_component>
      <object_component id="oc-380">
         <name>.debug_info</name>
         <load_address>0x272e</load_address>
         <run_address>0x272e</run_address>
         <size>0x12d</size>
         <input_file_ref idref="fl-3"/>
      </object_component>
      <object_component id="oc-386">
         <name>.debug_info</name>
         <load_address>0x285b</load_address>
         <run_address>0x285b</run_address>
         <size>0x1b7</size>
         <input_file_ref idref="fl-3"/>
      </object_component>
      <object_component id="oc-38c">
         <name>.debug_info</name>
         <load_address>0x2a12</load_address>
         <run_address>0x2a12</run_address>
         <size>0x1b0</size>
         <input_file_ref idref="fl-3"/>
      </object_component>
      <object_component id="oc-392">
         <name>.debug_info</name>
         <load_address>0x2bc2</load_address>
         <run_address>0x2bc2</run_address>
         <size>0x1fd</size>
         <input_file_ref idref="fl-3"/>
      </object_component>
      <object_component id="oc-336">
         <name>.debug_info</name>
         <load_address>0x2dbf</load_address>
         <run_address>0x2dbf</run_address>
         <size>0x237</size>
         <input_file_ref idref="fl-3"/>
      </object_component>
      <object_component id="oc-2a5">
         <name>.debug_info</name>
         <load_address>0x2ff6</load_address>
         <run_address>0x2ff6</run_address>
         <size>0x1a7</size>
         <input_file_ref idref="fl-3"/>
      </object_component>
      <object_component id="oc-29f">
         <name>.debug_info</name>
         <load_address>0x319d</load_address>
         <run_address>0x319d</run_address>
         <size>0x168</size>
         <input_file_ref idref="fl-3"/>
      </object_component>
      <object_component id="oc-5b2">
         <name>.debug_info</name>
         <load_address>0x3305</load_address>
         <run_address>0x3305</run_address>
         <size>0x2c</size>
         <input_file_ref idref="fl-3"/>
      </object_component>
      <object_component id="oc-368">
         <name>.debug_info</name>
         <load_address>0x3331</load_address>
         <run_address>0x3331</run_address>
         <size>0x159</size>
         <input_file_ref idref="fl-4"/>
      </object_component>
      <object_component id="oc-3c8">
         <name>.debug_info</name>
         <load_address>0x348a</load_address>
         <run_address>0x348a</run_address>
         <size>0x1f1</size>
         <input_file_ref idref="fl-4"/>
      </object_component>
      <object_component id="oc-44f">
         <name>.debug_info</name>
         <load_address>0x367b</load_address>
         <run_address>0x367b</run_address>
         <size>0x20e</size>
         <input_file_ref idref="fl-4"/>
      </object_component>
      <object_component id="oc-443">
         <name>.debug_info</name>
         <load_address>0x3889</load_address>
         <run_address>0x3889</run_address>
         <size>0x28b</size>
         <input_file_ref idref="fl-4"/>
      </object_component>
      <object_component id="oc-304">
         <name>.debug_info</name>
         <load_address>0x3b14</load_address>
         <run_address>0x3b14</run_address>
         <size>0x169</size>
         <input_file_ref idref="fl-4"/>
      </object_component>
      <object_component id="oc-2f5">
         <name>.debug_info</name>
         <load_address>0x3c7d</load_address>
         <run_address>0x3c7d</run_address>
         <size>0x1cf</size>
         <input_file_ref idref="fl-4"/>
      </object_component>
      <object_component id="oc-45b">
         <name>.debug_info</name>
         <load_address>0x3e4c</load_address>
         <run_address>0x3e4c</run_address>
         <size>0x1b5</size>
         <input_file_ref idref="fl-4"/>
      </object_component>
      <object_component id="oc-449">
         <name>.debug_info</name>
         <load_address>0x4001</load_address>
         <run_address>0x4001</run_address>
         <size>0x15d</size>
         <input_file_ref idref="fl-4"/>
      </object_component>
      <object_component id="oc-455">
         <name>.debug_info</name>
         <load_address>0x415e</load_address>
         <run_address>0x415e</run_address>
         <size>0x2ed</size>
         <input_file_ref idref="fl-4"/>
      </object_component>
      <object_component id="oc-2fb">
         <name>.debug_info</name>
         <load_address>0x444b</load_address>
         <run_address>0x444b</run_address>
         <size>0x1c3</size>
         <input_file_ref idref="fl-4"/>
      </object_component>
      <object_component id="oc-288">
         <name>.debug_info</name>
         <load_address>0x460e</load_address>
         <run_address>0x460e</run_address>
         <size>0x84</size>
         <input_file_ref idref="fl-5"/>
      </object_component>
      <object_component id="oc-559">
         <name>.debug_info</name>
         <load_address>0x4692</load_address>
         <run_address>0x4692</run_address>
         <size>0x1d2</size>
         <input_file_ref idref="fl-6"/>
      </object_component>
      <object_component id="oc-556">
         <name>.debug_info</name>
         <load_address>0x4864</load_address>
         <run_address>0x4864</run_address>
         <size>0xfd</size>
         <input_file_ref idref="fl-6"/>
      </object_component>
      <object_component id="oc-46e">
         <name>.debug_info</name>
         <load_address>0x4961</load_address>
         <run_address>0x4961</run_address>
         <size>0x140</size>
         <input_file_ref idref="fl-6"/>
      </object_component>
      <object_component id="oc-462">
         <name>.debug_info</name>
         <load_address>0x4aa1</load_address>
         <run_address>0x4aa1</run_address>
         <size>0x199</size>
         <input_file_ref idref="fl-6"/>
      </object_component>
      <object_component id="oc-468">
         <name>.debug_info</name>
         <load_address>0x4c3a</load_address>
         <run_address>0x4c3a</run_address>
         <size>0x235</size>
         <input_file_ref idref="fl-6"/>
      </object_component>
      <object_component id="oc-36e">
         <name>.debug_info</name>
         <load_address>0x4e6f</load_address>
         <run_address>0x4e6f</run_address>
         <size>0x168</size>
         <input_file_ref idref="fl-9"/>
      </object_component>
      <object_component id="oc-322">
         <name>.debug_info</name>
         <load_address>0x4fd7</load_address>
         <run_address>0x4fd7</run_address>
         <size>0x1d8</size>
         <input_file_ref idref="fl-9"/>
      </object_component>
      <object_component id="oc-31c">
         <name>.debug_info</name>
         <load_address>0x51af</load_address>
         <run_address>0x51af</run_address>
         <size>0x198</size>
         <input_file_ref idref="fl-9"/>
      </object_component>
      <object_component id="oc-47e">
         <name>.debug_info</name>
         <load_address>0x5347</load_address>
         <run_address>0x5347</run_address>
         <size>0x1b0</size>
         <input_file_ref idref="fl-9"/>
      </object_component>
      <object_component id="oc-310">
         <name>.debug_info</name>
         <load_address>0x54f7</load_address>
         <run_address>0x54f7</run_address>
         <size>0x1c8</size>
         <input_file_ref idref="fl-9"/>
      </object_component>
      <object_component id="oc-48a">
         <name>.debug_info</name>
         <load_address>0x56bf</load_address>
         <run_address>0x56bf</run_address>
         <size>0x1be</size>
         <input_file_ref idref="fl-9"/>
      </object_component>
      <object_component id="oc-484">
         <name>.debug_info</name>
         <load_address>0x587d</load_address>
         <run_address>0x587d</run_address>
         <size>0x18a</size>
         <input_file_ref idref="fl-9"/>
      </object_component>
      <object_component id="oc-316">
         <name>.debug_info</name>
         <load_address>0x5a07</load_address>
         <run_address>0x5a07</run_address>
         <size>0x1bc</size>
         <input_file_ref idref="fl-9"/>
      </object_component>
      <object_component id="oc-4e7">
         <name>.debug_info</name>
         <load_address>0x5bc3</load_address>
         <run_address>0x5bc3</run_address>
         <size>0x163</size>
         <input_file_ref idref="fl-d"/>
      </object_component>
      <object_component id="oc-4e4">
         <name>.debug_info</name>
         <load_address>0x5d26</load_address>
         <run_address>0x5d26</run_address>
         <size>0xf1</size>
         <input_file_ref idref="fl-d"/>
      </object_component>
      <object_component id="oc-42f">
         <name>.debug_info</name>
         <load_address>0x5e17</load_address>
         <run_address>0x5e17</run_address>
         <size>0x1e0</size>
         <input_file_ref idref="fl-d"/>
      </object_component>
      <object_component id="oc-436">
         <name>.debug_info</name>
         <load_address>0x5ff7</load_address>
         <run_address>0x5ff7</run_address>
         <size>0x22f</size>
         <input_file_ref idref="fl-d"/>
      </object_component>
      <object_component id="oc-43d">
         <name>.debug_info</name>
         <load_address>0x6226</load_address>
         <run_address>0x6226</run_address>
         <size>0x22e</size>
         <input_file_ref idref="fl-d"/>
      </object_component>
      <object_component id="oc-429">
         <name>.debug_info</name>
         <load_address>0x6454</load_address>
         <run_address>0x6454</run_address>
         <size>0x1d7</size>
         <input_file_ref idref="fl-d"/>
      </object_component>
      <object_component id="oc-423">
         <name>.debug_info</name>
         <load_address>0x662b</load_address>
         <run_address>0x662b</run_address>
         <size>0x1fc</size>
         <input_file_ref idref="fl-d"/>
      </object_component>
      <object_component id="oc-3ab">
         <name>.debug_info</name>
         <load_address>0x6827</load_address>
         <run_address>0x6827</run_address>
         <size>0x1e2</size>
         <input_file_ref idref="fl-d"/>
      </object_component>
      <object_component id="oc-56f">
         <name>.debug_info</name>
[...]
      </symbol>
      <symbol id="sm-3f8">
         <name>EUSCI_A_UART_getInterruptStatus</name>
         <value>0xe1a8</value>
         <object_component_ref idref="oc-30f"/>
      </symbol>
      <symbol id="sm-3f9">
         <name>EUSCI_A_UART_clearInterrupt</name>
         <value>0xe1e2</value>
         <object_component_ref idref="oc-315"/>
      </symbol>
      <symbol id="sm-3fa">
         <name>EUSCI_A_UART_transmitData</name>
         <value>0xe09e</value>
         <object_component_ref idref="oc-321"/>
      </symbol>
      <symbol id="sm-43f">
         <name>GPIO_setAsInputPinWithPullUpResistor</name>
         <value>0xded2</value>
         <object_component_ref idref="oc-422"/>
      </symbol>
      <symbol id="sm-440">
         <name>GPIO_setAsOutputPin</name>
         <value>0xdfce</value>
         <object_component_ref idref="oc-428"/>
      </symbol>
      <symbol id="sm-441">
         <name>GPIO_setOutputLowOnPin</name>
         <value>0xe04a</value>
         <object_component_ref idref="oc-42e"/>
      </symbol>
      <symbol id="sm-442">
         <name>GPIO_setAsPeripheralModuleFunctionOutputPin</name>
         <value>0xdd1e</value>
         <object_component_ref idref="oc-435"/>
      </symbol>
      <symbol id="sm-443">
         <name>GPIO_getInputPinValue</name>
         <value>0xdfb4</value>
         <object_component_ref idref="oc-3aa"/>
      </symbol>
      <symbol id="sm-444">
         <name>GPIO_setAsPeripheralModuleFunctionInputPin</name>
         <value>0xdbf8</value>
         <object_component_ref idref="oc-43c"/>
      </symbol>
      <symbol id="sm-4a6">
         <name>LCD_E_clearAllMemory</name>
         <value>0xe1ee</value>
         <object_component_ref idref="oc-4b4"/>
      </symbol>
      <symbol id="sm-4a7">
         <name>LCD_E_on</name>
         <value>0xe16e</value>
         <object_component_ref idref="oc-4c6"/>
      </symbol>
      <symbol id="sm-4a8">
         <name>LCD_E_setPinAsCOM</name>
         <value>0xd438</value>
         <object_component_ref idref="oc-4ba"/>
      </symbol>
      <symbol id="sm-4a9">
         <name>LCD_E_setVLCDSource</name>
         <value>0xe102</value>
         <object_component_ref idref="oc-49c"/>
      </symbol>
      <symbol id="sm-4aa">
         <name>LCD_E_selectDisplayMemory</name>
         <value>0xe136</value>
         <object_component_ref idref="oc-4c0"/>
      </symbol>
      <symbol id="sm-4ab">
         <name>LCD_E_setChargePumpFreq</name>
         <value>0xe144</value>
         <object_component_ref idref="oc-4ae"/>
      </symbol>
      <symbol id="sm-4ac">
         <name>LCD_E_init</name>
         <value>0xde82</value>
         <object_component_ref idref="oc-496"/>
      </symbol>
      <symbol id="sm-4ad">
         <name>LCD_E_enableChargePump</name>
         <value>0xe1b0</value>
         <object_component_ref idref="oc-4a8"/>
      </symbol>
      <symbol id="sm-4ae">
         <name>LCD_E_setVLCDVoltage</name>
         <value>0xe152</value>
         <object_component_ref idref="oc-4a2"/>
      </symbol>
      <symbol id="sm-4af">
         <name>LCD_E_setPinAsLCDFunctionEx</name>
         <value>0xd238</value>
         <object_component_ref idref="oc-490"/>
      </symbol>
      <symbol id="sm-4b9">
         <name>PMM_unlockLPM5</name>
         <value>0xe1f4</value>
         <object_component_ref idref="oc-39d"/>
      </symbol>
      <symbol id="sm-4d1">
         <name>Timer_A_outputPWM</name>
         <value>0xd83a</value>
         <object_component_ref idref="oc-3c1"/>
      </symbol>
      <symbol id="sm-4d2">
         <name>Timer_A_stop</name>
         <value>0xe1b8</value>
         <object_component_ref idref="oc-3b0"/>
      </symbol>
      <symbol id="sm-4e0">
         <name>WDT_A_hold</name>
         <value>0xe0b2</value>
         <object_component_ref idref="oc-373"/>
      </symbol>
      <symbol id="sm-503">
         <name>printf</name>
         <value>0xda90</value>
         <object_component_ref idref="oc-3b6"/>
      </symbol>
      <symbol id="sm-551">
         <name>__TI_printfi_minimal</name>
         <value>0xc7fc</value>
         <object_component_ref idref="oc-4fc"/>
      </symbol>
      <symbol id="sm-564">
         <name>putc</name>
         <value>0xd120</value>
         <object_component_ref idref="oc-5a3"/>
      </symbol>
      <symbol id="sm-565">
         <name>fputc</name>
         <value>0xd120</value>
         <object_component_ref idref="oc-5a3"/>
      </symbol>
      <symbol id="sm-57d">
         <name>fputs</name>
         <value>0xc9be</value>
         <object_component_ref idref="oc-59c"/>
      </symbol>
      <symbol id="sm-595">
         <name>__TI_wrt_ok</name>
         <value>0xd3be</value>
         <object_component_ref idref="oc-608"/>
      </symbol>
      <symbol id="sm-5ad">
         <name>setvbuf</name>
         <value>0xcb68</value>
         <object_component_ref idref="oc-650"/>
      </symbol>
      <symbol id="sm-5b9">
         <name>__mspabi_remi</name>
         <value>0xde00</value>
         <object_component_ref idref="oc-57d"/>
      </symbol>
      <symbol id="sm-5ba">
         <name>__mspabi_divi</name>
         <value>0xde00</value>
         <object_component_ref idref="oc-57d"/>
      </symbol>
      <symbol id="sm-5c4">
         <name>__mspabi_remu</name>
         <value>0xe060</value>
         <object_component_ref idref="oc-5f9"/>
      </symbol>
      <symbol id="sm-5c5">
         <name>__mspabi_divu</name>
         <value>0xe060</value>
         <object_component_ref idref="oc-5f9"/>
      </symbol>
      <symbol id="sm-5ca">
         <name>__TI_int45</name>
         <value>0xffe2</value>
         <object_component_ref idref="oc-70"/>
      </symbol>
      <symbol id="sm-5cd">
         <name>__TI_int46</name>
         <value>0xffe4</value>
         <object_component_ref idref="oc-71"/>
      </symbol>
      <symbol id="sm-5d0">
         <name>__TI_int47</name>
         <value>0xffe6</value>
         <object_component_ref idref="oc-72"/>
      </symbol>
      <symbol id="sm-5d3">
         <name>__TI_int49</name>
         <value>0xffea</value>
         <object_component_ref idref="oc-74"/>
      </symbol>
      <symbol id="sm-5d6">
         <name>__TI_int51</name>
         <value>0xffee</value>
         <object_component_ref idref="oc-76"/>
      </symbol>
      <symbol id="sm-5d9">
         <name>__TI_int52</name>
         <value>0xfff0</value>
         <object_component_ref idref="oc-77"/>
      </symbol>
      <symbol id="sm-5dc">
         <name>__TI_int53</name>
         <value>0xfff2</value>
         <object_component_ref idref="oc-78"/>
      </symbol>
      <symbol id="sm-5df">
         <name>__TI_int54</name>
         <value>0xfff4</value>
         <object_component_ref idref="oc-79"/>
      </symbol>
      <symbol id="sm-5e2">
         <name>__TI_int55</name>
         <value>0xfff6</value>
         <object_component_ref idref="oc-7a"/>
      </symbol>
      <symbol id="sm-5e5">
         <name>__TI_int56</name>
         <value>0xfff8</value>
         <object_component_ref idref="oc-7b"/>
      </symbol>
      <symbol id="sm-5e8">
         <name>__TI_int57</name>
         <value>0xfffa</value>
         <object_component_ref idref="oc-7c"/>
      </symbol>
      <symbol id="sm-5eb">
         <name>__TI_int58</name>
         <value>0xfffc</value>
         <object_component_ref idref="oc-7d"/>
      </symbol>
      <symbol id="sm-5f3">
         <name>__TI_ISR_TRAP</name>
         <value>0xe1c0</value>
         <object_component_ref idref="oc-299"/>
      </symbol>
      <symbol id="sm-5fc">
         <name>__mspabi_slli</name>
         <value>0xe184</value>
         <object_component_ref idref="oc-54e"/>
      </symbol>
      <symbol id="sm-605">
         <name>__mspabi_srli</name>
         <value>0xe18e</value>
         <object_component_ref idref="oc-563"/>
      </symbol>
      <symbol id="sm-60f">
         <name>__mspabi_mpyi_sw</name>
         <value>0xe0ee</value>
         <object_component_ref idref="oc-5db"/>
      </symbol>
      <symbol id="sm-610">
         <name>__mspabi_mpyi</name>
         <value>0xe0ee</value>
         <object_component_ref idref="oc-5db"/>
      </symbol>
      <symbol id="sm-621">
         <name>_stack</name>
         <value>0x2760</value>
         <object_component_ref idref="oc-27b"/>
      </symbol>
      <symbol id="sm-622">
         <name>_c_int00_noargs</name>
         <value>0xdf62</value>
         <object_component_ref idref="oc-2bc"/>
      </symbol>
      <symbol id="sm-623">
         <name>_reset_vector</name>
         <value>0xfffe</value>
         <object_component_ref idref="oc-27e"/>
      </symbol>
      <symbol id="sm-645">
         <name>__TI_auto_init_nobinit_nopinit_hold_wdt</name>
         <value>0xd510</value>
         <object_component_ref idref="oc-3f2"/>
      </symbol>
      <symbol id="sm-655">
         <name>__TI_zero_init_nomemset</name>
         <value>0xdad0</value>
         <object_component_ref idref="oc-2aa"/>
      </symbol>
      <symbol id="sm-664">
         <name>__TI_dtors_ptr</name>
         <value>0x211c</value>
         <object_component_ref idref="oc-51b"/>
      </symbol>
      <symbol id="sm-665">
         <name>__TI_cleanup_ptr</name>
         <value>0x2118</value>
         <object_component_ref idref="oc-51e"/>
      </symbol>
      <symbol id="sm-671">
         <name>_system_pre_init</name>
         <value>0xe20a</value>
         <object_component_ref idref="oc-32f"/>
      </symbol>
      <symbol id="sm-67a">
         <name>_system_post_cinit</name>
         <value>0xe210</value>
         <object_component_ref idref="oc-523"/>
      </symbol>
      <symbol id="sm-68b">
         <name>__TI_decompress_none</name>
         <value>0xdb88</value>
         <object_component_ref idref="oc-6a"/>
      </symbol>
      <symbol id="sm-6ac">
         <name>__TI_decompress_lzss</name>
         <value>0xc70e</value>
         <object_component_ref idref="oc-64"/>
      </symbol>
      <symbol id="sm-6c9">
         <name>C$$EXIT</name>
         <value>0xe200</value>
         <object_component_ref idref="oc-3ce"/>
      </symbol>
      <symbol id="sm-6ca">
         <name>abort</name>
         <value>0xe200</value>
         <object_component_ref idref="oc-3ce"/>
      </symbol>
      <symbol id="sm-6cb">
         <name>__TI_enable_exit_profile_output</name>
         <value>0x2132</value>
         <object_component_ref idref="oc-518"/>
      </symbol>
      <symbol id="sm-6cc">
         <name>exit</name>
         <value>0xd980</value>
         <object_component_ref idref="oc-3d4"/>
      </symbol>
      <symbol id="sm-6e2">
         <name>_nop</name>
         <value>0xe20e</value>
         <object_component_ref idref="oc-58f"/>
      </symbol>
      <symbol id="sm-6e3">
         <name>_lock</name>
         <value>0x2120</value>
         <object_component_ref idref="oc-4ea"/>
      </symbol>
      <symbol id="sm-6e4">
         <name>_unlock</name>
         <value>0x2124</value>
         <object_component_ref idref="oc-502"/>
      </symbol>
      <symbol id="sm-6f5">
         <name>__TI_tmpnams</name>
         <value>0x2256</value>
      </symbol>
      <symbol id="sm-6f6">
         <name>_ftable</name>
         <value>0x2078</value>
         <object_component_ref idref="oc-4ed"/>
      </symbol>
      <symbol id="sm-6f7">
         <name>__TI_ft_end</name>
         <value>0x2130</value>
         <object_component_ref idref="oc-6ca"/>
      </symbol>
      <symbol id="sm-706">
         <name>memccpy</name>
         <value>0xdfe8</value>
         <object_component_ref idref="oc-631"/>
      </symbol>
      <symbol id="sm-715">
         <name>memchr</name>
         <value>0xe0c6</value>
         <object_component_ref idref="oc-60e"/>
      </symbol>
      <symbol id="sm-723">
         <name>memcpy</name>
         <value>0xe114</value>
         <object_component_ref idref="oc-477"/>
      </symbol>
      <symbol id="sm-799">
         <name>_sys_memory</name>
         <value>0x230c</value>
         <object_component_ref idref="oc-27f"/>
      </symbol>
      <symbol id="sm-79a">
         <name>free</name>
         <value>0xcc34</value>
         <object_component_ref idref="oc-677"/>
      </symbol>
      <symbol id="sm-79b">
         <name>memalign</name>
         <value>0xc8de</value>
         <object_component_ref idref="oc-6bd"/>
      </symbol>
      <symbol id="sm-79c">
         <name>malloc</name>
         <value>0xe1c8</value>
         <object_component_ref idref="oc-67d"/>
      </symbol>
      <symbol id="sm-79d">
         <name>aligned_alloc</name>
         <value>0xc8de</value>
         <object_component_ref idref="oc-6bd"/>
      </symbol>
      <symbol id="sm-7ab">
         <name>memset</name>
         <value>0xe0da</value>
         <object_component_ref idref="oc-624"/>
      </symbol>
      <symbol id="sm-7b8">
         <name>strlen</name>
         <value>0xe160</value>
         <object_component_ref idref="oc-4d3"/>
      </symbol>
      <symbol id="sm-7cf">
         <name>write</name>
         <value>0xdf1e</value>
         <object_component_ref idref="oc-61a"/>
      </symbol>
      <symbol id="sm-7de">
         <name>_stream</name>
         <value>0x20f0</value>
         <object_component_ref idref="oc-65c"/>
      </symbol>
      <symbol id="sm-7df">
         <name>_device</name>
         <value>0x2000</value>
         <object_component_ref idref="oc-696"/>
      </symbol>
      <symbol id="sm-7f0">
         <name>__TI_doflush</name>
         <value>0xd71a</value>
         <object_component_ref idref="oc-614"/>
      </symbol>
      <symbol id="sm-7fc">
         <name>__TI_cleanup</name>
         <value>0xdc2a</value>
         <object_component_ref idref="oc-683"/>
      </symbol>
      <symbol id="sm-80c">
         <name>fseek</name>
         <value>0xd57a</value>
         <object_component_ref idref="oc-64a"/>
      </symbol>
      <symbol id="sm-817">
         <name>__memcpy_far</name>
         <value>0xda50</value>
         <object_component_ref idref="oc-28d"/>
      </symbol>
      <symbol id="sm-823">
         <name>HOSTclose</name>
         <value>0xd9c8</value>
         <object_component_ref idref="oc-6d6"/>
      </symbol>
      <symbol id="sm-82f">
         <name>HOSTlseek</name>
         <value>0xd2bc</value>
         <object_component_ref idref="oc-6e8"/>
      </symbol>
      <symbol id="sm-83d">
         <name>parmbuf</name>
         <value>0x2302</value>
      </symbol>
      <symbol id="sm-83e">
         <name>HOSTopen</name>
         <value>0xd6b6</value>
         <object_component_ref idref="oc-6d0"/>
      </symbol>
      <symbol id="sm-84b">
         <name>HOSTread</name>
         <value>0xd7dc</value>
         <object_component_ref idref="oc-6dc"/>
      </symbol>
      <symbol id="sm-857">
         <name>HOSTrename</name>
         <value>0xd4a6</value>
         <object_component_ref idref="oc-6f4"/>
      </symbol>
      <symbol id="sm-863">
         <name>HOSTunlink</name>
         <value>0xda0e</value>
         <object_component_ref idref="oc-6ee"/>
      </symbol>
      <symbol id="sm-870">
         <name>HOSTwrite</name>
         <value>0xd77c</value>
         <object_component_ref idref="oc-6e2"/>
      </symbol>
      <symbol id="sm-88e">
         <name>__TI_readmsg</name>
         <value>0xddd4</value>
         <object_component_ref idref="oc-729"/>
      </symbol>
      <symbol id="sm-88f">
         <name>C$$IO$$</name>
         <value>0xdd76</value>
         <object_component_ref idref="oc-723"/>
      </symbol>
      <symbol id="sm-890">
         <name>_CIOBUF_</name>
         <value>0x2136</value>
         <object_component_ref idref="oc-75a"/>
      </symbol>
      <symbol id="sm-891">
         <name>__TI_writemsg</name>
         <value>0xdd4c</value>
         <object_component_ref idref="oc-723"/>
      </symbol>
      <symbol id="sm-89f">
         <name>lseek</name>
         <value>0xdef8</value>
         <object_component_ref idref="oc-66f"/>
      </symbol>
      <symbol id="sm-8b0">
         <name>__TI_closefile</name>
         <value>0xd64e</value>
         <object_component_ref idref="oc-6c4"/>
      </symbol>
      <symbol id="sm-8cf">
         <name>finddevice</name>
         <value>0xdd7a</value>
         <object_component_ref idref="oc-77d"/>
      </symbol>
      <symbol id="sm-8d0">
         <name>getdevice</name>
         <value>0xd890</value>
         <object_component_ref idref="oc-74e"/>
      </symbol>
      <symbol id="sm-8d8">
         <name>__mspabi_slll_9</name>
         <value>0xdb26</value>
         <object_component_ref idref="oc-736"/>
      </symbol>
      <symbol id="sm-8d9">
         <name>__mspabi_slll_8</name>
         <value>0xdb2a</value>
         <object_component_ref idref="oc-736"/>
      </symbol>
      <symbol id="sm-8da">
         <name>__mspabi_slll_7</name>
         <value>0xdb2e</value>
         <object_component_ref idref="oc-736"/>
      </symbol>
      <symbol id="sm-8db">
         <name>__mspabi_slll_6</name>
         <value>0xdb32</value>
         <object_component_ref idref="oc-736"/>
      </symbol>
      <symbol id="sm-8dc">
         <name>__mspabi_slll_5</name>
         <value>0xdb36</value>
         <object_component_ref idref="oc-736"/>
      </symbol>
      <symbol id="sm-8dd">
         <name>__mspabi_slll_4</name>
         <value>0xdb3a</value>
         <object_component_ref idref="oc-736"/>
      </symbol>
      <symbol id="sm-8de">
         <name>__mspabi_slll_3</name>
         <value>0xdb3e</value>
         <object_component_ref idref="oc-736"/>
      </symbol>
      <symbol id="sm-8df">
         <name>__mspabi_slll_2</name>
         <value>0xdb42</value>
         <object_component_ref idref="oc-736"/>
      </symbol>
      <symbol id="sm-8e0">
         <name>__mspabi_slll_1</name>
         <value>0xdb46</value>
         <object_component_ref idref="oc-736"/>
      </symbol>
      <symbol id="sm-8e1">
         <name>__mspabi_slll_15</name>
         <value>0xdb0e</value>
         <object_component_ref idref="oc-736"/>
      </symbol>
      <symbol id="sm-8e2">
         <name>__mspabi_slll_14</name>
         <value>0xdb12</value>
         <object_component_ref idref="oc-736"/>
      </symbol>
      <symbol id="sm-8e3">
         <name>__mspabi_slll_13</name>
         <value>0xdb16</value>
         <object_component_ref idref="oc-736"/>
      </symbol>
      <symbol id="sm-8e4">
         <name>__mspabi_slll_12</name>
         <value>0xdb1a</value>
         <object_component_ref idref="oc-736"/>
      </symbol>
      <symbol id="sm-8e5">
         <name>__mspabi_slll_11</name>
         <value>0xdb1e</value>
         <object_component_ref idref="oc-736"/>
      </symbol>
      <symbol id="sm-8e6">
         <name>__mspabi_slll_10</name>
         <value>0xdb22</value>
         <object_component_ref idref="oc-736"/>
      </symbol>
      <symbol id="sm-8f5">
         <name>strchr</name>
         <value>0xe002</value>
         <object_component_ref idref="oc-771"/>
      </symbol>
      <symbol id="sm-903">
         <name>strcmp</name>
         <value>0xe01c</value>
         <object_component_ref idref="oc-796"/>
      </symbol>
      <symbol id="sm-910">
         <name>strcpy</name>
         <value>0xe126</value>
         <object_component_ref idref="oc-73f"/>
      </symbol>
      <symbol id="sm-920">
         <name>strncpy</name>
         <value>0xde2c</value>
         <object_component_ref idref="oc-777"/>
      </symbol>
      <symbol id="sm-933">
         <name>close</name>
         <value>0xd936</value>
         <object_component_ref idref="oc-70f"/>
      </symbol>
      <symbol id="sm-93f">
         <name>unlink</name>
         <value>0xde58</value>
         <object_component_ref idref="oc-716"/>
      </symbol>
      <symbol id="sm-943">
         <name>remove</name>
         <value>0xde58</value>
      </symbol>
   </symbol_table>
   <title>Link successful</title>
</link_info>
