<?xml version="1.0" encoding="ISO-8859-1" ?>
<link_info>
   <banner>MSP430 Linker Unix v18.12.2.LTS</banner>
   <copyright>Copyright (c) 2003-2018 Texas Instruments Incorporated</copyright>
   <link_time>0x5dd844c8</link_time>
   <link_errors>0x0</link_errors>
   <output_file>ECE298_Project.out</output_file>
   <entry_point>
      <name>_c_int00_noargs</name>
      <address>0xd8a4</address>
   </entry_point>
   <input_file_list>
      <input_file id="fl-2">
         <path>./</path>
         <kind>object</kind>
         <file>hal_LCD.obj</file>
         <name>hal_LCD.obj</name>
      </input_file>
      <input_file id="fl-3">
         <path>./</path>
         <kind>object</kind>
         <file>main.obj</file>
         <name>main.obj</name>
      </input_file>
      <input_file id="fl-4">
         <path>./driverlib/</path>
         <kind>object</kind>
         <file>adc.obj</file>
         <name>adc.obj</name>
      </input_file>
      <input_file id="fl-5">
         <path>./driverlib/</path>
         <kind>object</kind>
         <file>crc.obj</file>
         <name>crc.obj</name>
      </input_file>
      <input_file id="fl-6">
         <path>./driverlib/</path>
         <kind>object</kind>
         <file>cs.obj</file>
         <name>cs.obj</name>
      </input_file>
      <input_file id="fl-7">
         <path>./driverlib/</path>
         <kind>object</kind>
         <file>ecomp.obj</file>
         <name>ecomp.obj</name>
      </input_file>
      <input_file id="fl-8">
         <path>./driverlib/</path>
         <kind>object</kind>
         <file>eusci_a_spi.obj</file>
         <name>eusci_a_spi.obj</name>
      </input_file>
      <input_file id="fl-9">
         <path>./driverlib/</path>
         <kind>object</kind>
         <file>eusci_a_uart.obj</file>
         <name>eusci_a_uart.obj</name>
      </input_file>
      <input_file id="fl-a">
         <path>./driverlib/</path>
         <kind>object</kind>
         <file>eusci_b_i2c.obj</file>
         <name>eusci_b_i2c.obj</name>
      </input_file>
      <input_file id="fl-b">
         <path>./driverlib/</path>
         <kind>object</kind>
         <file>eusci_b_spi.obj</file>
         <name>eusci_b_spi.obj</name>
      </input_file>
      <input_file id="fl-c">
         <path>./driverlib/</path>
         <kind>object</kind>
         <file>framctl.obj</file>
         <name>framctl.obj</name>
      </input_file>
      <input_file id="fl-d">
         <path>./driverlib/</path>
         <kind>object</kind>
         <file>gpio.obj</file>
         <name>gpio.obj</name>
      </input_file>
      <input_file id="fl-e">
         <path>./driverlib/</path>
         <kind>object</kind>
         <file>icc.obj</file>
         <name>icc.obj</name>
      </input_file>
      <input_file id="fl-f">
         <path>./driverlib/</path>
         <kind>object</kind>
         <file>lcd_e.obj</file>
         <name>lcd_e.obj</name>
      </input_file>
      <input_file id="fl-10">
         <path>./driverlib/</path>
         <kind>object</kind>
         <file>mpy32.obj</file>
         <name>mpy32.obj</name>
      </input_file>
      <input_file id="fl-11">
         <path>./driverlib/</path>
         <kind>object</kind>
         <file>pmm.obj</file>
         <name>pmm.obj</name>
      </input_file>
      <input_file id="fl-12">
         <path>./driverlib/</path>
         <kind>object</kind>
         <file>rtc.obj</file>
         <name>rtc.obj</name>
      </input_file>
      <input_file id="fl-13">
         <path>./driverlib/</path>
         <kind>object</kind>
         <file>sac.obj</file>
         <name>sac.obj</name>
      </input_file>
      <input_file id="fl-14">
         <path>./driverlib/</path>
         <kind>object</kind>
         <file>sfr.obj</file>
         <name>sfr.obj</name>
      </input_file>
      <input_file id="fl-15">
         <path>./driverlib/</path>
         <kind>object</kind>
         <file>sysctl.obj</file>
         <name>sysctl.obj</name>
      </input_file>
      <input_file id="fl-16">
         <path>./driverlib/</path>
         <kind>object</kind>
         <file>tia.obj</file>
         <name>tia.obj</name>
      </input_file>
      <input_file id="fl-17">
         <path>./driverlib/</path>
         <kind>object</kind>
         <file>timer_a.obj</file>
         <name>timer_a.obj</name>
      </input_file>
      <input_file id="fl-18">
         <path>./driverlib/</path>
         <kind>object</kind>
         <file>timer_b.obj</file>
         <name>timer_b.obj</name>
      </input_file>
      <input_file id="fl-19">
         <path>./driverlib/</path>
         <kind>object</kind>
         <file>tlv.obj</file>
         <name>tlv.obj</name>
      </input_file>
      <input_file id="fl-1a">
         <path>./driverlib/</path>
         <kind>object</kind>
         <file>wdt_a.obj</file>
         <name>wdt_a.obj</name>
      </input_file>
      <input_file id="fl-1f">
         <kind>object</kind>
         <file>&lt;internal&gt;</file>
         <name>&lt;internal&gt;</name>
      </input_file>
      <input_file id="fl-35">
         <path>/Users/jonathan/ccs/tools/compiler/ti-cgt-msp430_18.12.2.LTS/lib/</path>
         <kind>archive</kind>
         <file>rts430x_lc_sd_eabi.lib</file>
         <name>div16s.asm.obj</name>
      </input_file>
      <input_file id="fl-36">
         <path>/Users/jonathan/ccs/tools/compiler/ti-cgt-msp430_18.12.2.LTS/lib/</path>
         <kind>archive</kind>
         <file>rts430x_lc_sd_eabi.lib</file>
         <name>div16u.asm.obj</name>
      </input_file>
      <input_file id="fl-37">
         <path>/Users/jonathan/ccs/tools/compiler/ti-cgt-msp430_18.12.2.LTS/lib/</path>
         <kind>archive</kind>
         <file>rts430x_lc_sd_eabi.lib</file>
         <name>div32s.asm.obj</name>
      </input_file>
      <input_file id="fl-38">
         <path>/Users/jonathan/ccs/tools/compiler/ti-cgt-msp430_18.12.2.LTS/lib/</path>
         <kind>archive</kind>
         <file>rts430x_lc_sd_eabi.lib</file>
         <name>div32u.asm.obj</name>
      </input_file>
      <input_file id="fl-39">
         <path>/Users/jonathan/ccs/tools/compiler/ti-cgt-msp430_18.12.2.LTS/lib/</path>
         <kind>archive</kind>
         <file>rts430x_lc_sd_eabi.lib</file>
         <name>int45.asm.obj</name>
      </input_file>
      <input_file id="fl-3a">
         <path>/Users/jonathan/ccs/tools/compiler/ti-cgt-msp430_18.12.2.LTS/lib/</path>
         <kind>archive</kind>
         <file>rts430x_lc_sd_eabi.lib</file>
         <name>int46.asm.obj</name>
      </input_file>
      <input_file id="fl-3b">
         <path>/Users/jonathan/ccs/tools/compiler/ti-cgt-msp430_18.12.2.LTS/lib/</path>
         <kind>archive</kind>
         <file>rts430x_lc_sd_eabi.lib</file>
         <name>int47.asm.obj</name>
      </input_file>
      <input_file id="fl-3c">
         <path>/Users/jonathan/ccs/tools/compiler/ti-cgt-msp430_18.12.2.LTS/lib/</path>
         <kind>archive</kind>
         <file>rts430x_lc_sd_eabi.lib</file>
         <name>int49.asm.obj</name>
      </input_file>
      <input_file id="fl-3d">
         <path>/Users/jonathan/ccs/tools/compiler/ti-cgt-msp430_18.12.2.LTS/lib/</path>
         <kind>archive</kind>
         <file>rts430x_lc_sd_eabi.lib</file>
         <name>int51.asm.obj</name>
      </input_file>
      <input_file id="fl-3e">
         <path>/Users/jonathan/ccs/tools/compiler/ti-cgt-msp430_18.12.2.LTS/lib/</path>
         <kind>archive</kind>
         <file>rts430x_lc_sd_eabi.lib</file>
         <name>int52.asm.obj</name>
      </input_file>
      <input_file id="fl-3f">
         <path>/Users/jonathan/ccs/tools/compiler/ti-cgt-msp430_18.12.2.LTS/lib/</path>
         <kind>archive</kind>
         <file>rts430x_lc_sd_eabi.lib</file>
         <name>int53.asm.obj</name>
      </input_file>
      <input_file id="fl-40">
         <path>/Users/jonathan/ccs/tools/compiler/ti-cgt-msp430_18.12.2.LTS/lib/</path>
         <kind>archive</kind>
         <file>rts430x_lc_sd_eabi.lib</file>
         <name>int54.asm.obj</name>
      </input_file>
      <input_file id="fl-41">
         <path>/Users/jonathan/ccs/tools/compiler/ti-cgt-msp430_18.12.2.LTS/lib/</path>
         <kind>archive</kind>
         <file>rts430x_lc_sd_eabi.lib</file>
         <name>int55.asm.obj</name>
      </input_file>
      <input_file id="fl-42">
         <path>/Users/jonathan/ccs/tools/compiler/ti-cgt-msp430_18.12.2.LTS/lib/</path>
         <kind>archive</kind>
         <file>rts430x_lc_sd_eabi.lib</file>
         <name>int56.asm.obj</name>
      </input_file>
      <input_file id="fl-43">
         <path>/Users/jonathan/ccs/tools/compiler/ti-cgt-msp430_18.12.2.LTS/lib/</path>
         <kind>archive</kind>
         <file>rts430x_lc_sd_eabi.lib</file>
         <name>int57.asm.obj</name>
      </input_file>
      <input_file id="fl-44">
         <path>/Users/jonathan/ccs/tools/compiler/ti-cgt-msp430_18.12.2.LTS/lib/</path>
         <kind>archive</kind>
         <file>rts430x_lc_sd_eabi.lib</file>
         <name>int58.asm.obj</name>
      </input_file>
      <input_file id="fl-45">
         <path>/Users/jonathan/ccs/tools/compiler/ti-cgt-msp430_18.12.2.LTS/lib/</path>
         <kind>archive</kind>
         <file>rts430x_lc_sd_eabi.lib</file>
         <name>isr_trap.asm.obj</name>
      </input_file>
      <input_file id="fl-46">
         <path>/Users/jonathan/ccs/tools/compiler/ti-cgt-msp430_18.12.2.LTS/lib/</path>
         <kind>archive</kind>
         <file>rts430x_lc_sd_eabi.lib</file>
         <name>lsl16.asm.obj</name>
      </input_file>
      <input_file id="fl-47">
         <path>/Users/jonathan/ccs/tools/compiler/ti-cgt-msp430_18.12.2.LTS/lib/</path>
         <kind>archive</kind>
         <file>rts430x_lc_sd_eabi.lib</file>
         <name>lsr16.asm.obj</name>
      </input_file>
      <input_file id="fl-48">
         <path>/Users/jonathan/ccs/tools/compiler/ti-cgt-msp430_18.12.2.LTS/lib/</path>
         <kind>archive</kind>
         <file>rts430x_lc_sd_eabi.lib</file>
         <name>mult32.asm.obj</name>
      </input_file>
      <input_file id="fl-49">
         <path>/Users/jonathan/ccs/tools/compiler/ti-cgt-msp430_18.12.2.LTS/lib/</path>
         <kind>archive</kind>
         <file>rts430x_lc_sd_eabi.lib</file>
         <name>boot.c.obj</name>
      </input_file>
      <input_file id="fl-4a">
         <path>/Users/jonathan/ccs/tools/compiler/ti-cgt-msp430_18.12.2.LTS/lib/</path>
         <kind>archive</kind>
         <file>rts430x_lc_sd_eabi.lib</file>
         <name>autoinit.c.obj</name>
      </input_file>
      <input_file id="fl-4b">
         <path>/Users/jonathan/ccs/tools/compiler/ti-cgt-msp430_18.12.2.LTS/lib/</path>
         <kind>archive</kind>
         <file>rts430x_lc_sd_eabi.lib</file>
         <name>copy_zero_init.c.obj</name>
      </input_file>
      <input_file id="fl-4c">
         <path>/Users/jonathan/ccs/tools/compiler/ti-cgt-msp430_18.12.2.LTS/lib/</path>
         <kind>archive</kind>
         <file>rts430x_lc_sd_eabi.lib</file>
         <name>cpy_tbl.c.obj</name>
      </input_file>
      <input_file id="fl-4d">
         <path>/Users/jonathan/ccs/tools/compiler/ti-cgt-msp430_18.12.2.LTS/lib/</path>
         <kind>archive</kind>
         <file>rts430x_lc_sd_eabi.lib</file>
         <name>mpu_init.c.obj</name>
      </input_file>
      <input_file id="fl-4e">
         <path>/Users/jonathan/ccs/tools/compiler/ti-cgt-msp430_18.12.2.LTS/lib/</path>
         <kind>archive</kind>
         <file>rts430x_lc_sd_eabi.lib</file>
         <name>pre_init.c.obj</name>
      </input_file>
      <input_file id="fl-4f">
         <path>/Users/jonathan/ccs/tools/compiler/ti-cgt-msp430_18.12.2.LTS/lib/</path>
         <kind>archive</kind>
         <file>rts430x_lc_sd_eabi.lib</file>
         <name>startup.c.obj</name>
      </input_file>
      <input_file id="fl-50">
         <path>/Users/jonathan/ccs/tools/compiler/ti-cgt-msp430_18.12.2.LTS/lib/</path>
         <kind>archive</kind>
         <file>rts430x_lc_sd_eabi.lib</file>
         <name>copy_decompress_none.c.obj</name>
      </input_file>
      <input_file id="fl-51">
         <path>/Users/jonathan/ccs/tools/compiler/ti-cgt-msp430_18.12.2.LTS/lib/</path>
         <kind>archive</kind>
         <file>rts430x_lc_sd_eabi.lib</file>
         <name>copy_decompress_lzss.c.obj</name>
      </input_file>
      <input_file id="fl-52">
         <path>/Users/jonathan/ccs/tools/compiler/ti-cgt-msp430_18.12.2.LTS/lib/</path>
         <kind>archive</kind>
         <file>rts430x_lc_sd_eabi.lib</file>
         <name>exit.c.obj</name>
      </input_file>
      <input_file id="fl-53">
         <path>/Users/jonathan/ccs/tools/compiler/ti-cgt-msp430_18.12.2.LTS/lib/</path>
         <kind>archive</kind>
         <file>rts430x_lc_sd_eabi.lib</file>
         <name>_lock.c.obj</name>
      </input_file>
      <input_file id="fl-54">
         <path>/Users/jonathan/ccs/tools/compiler/ti-cgt-msp430_18.12.2.LTS/lib/</path>
         <kind>archive</kind>
         <file>rts430x_lc_sd_eabi.lib</file>
         <name>args_main.c.obj</name>
      </input_file>
      <input_file id="fl-55">
         <path>/Users/jonathan/ccs/tools/compiler/ti-cgt-msp430_18.12.2.LTS/lib/</path>
         <kind>archive</kind>
         <file>rts430x_lc_sd_eabi.lib</file>
         <name>memcpy.c.obj</name>
      </input_file>
      <input_file id="fl-56">
         <path>/Users/jonathan/ccs/tools/compiler/ti-cgt-msp430_18.12.2.LTS/lib/</path>
         <kind>archive</kind>
         <file>rts430x_lc_sd_eabi.lib</file>
         <name>memory.c.obj</name>
      </input_file>
      <input_file id="fl-57">
         <path>/Users/jonathan/ccs/tools/compiler/ti-cgt-msp430_18.12.2.LTS/lib/</path>
         <kind>archive</kind>
         <file>rts430x_lc_sd_eabi.lib</file>
         <name>memset.c.obj</name>
      </input_file>
      <input_file id="fl-58">
         <path>/Users/jonathan/ccs/tools/compiler/ti-cgt-msp430_18.12.2.LTS/lib/</path>
         <kind>archive</kind>
         <file>rts430x_lc_sd_eabi.lib</file>
         <name>strlen.c.obj</name>
      </input_file>
      <input_file id="fl-59">
         <path>/Users/jonathan/ccs/tools/compiler/ti-cgt-msp430_18.12.2.LTS/lib/</path>
         <kind>archive</kind>
         <file>rts430x_lc_sd_eabi.lib</file>
         <name>cpy_util.asm.obj</name>
      </input_file>
      <input_file id="fl-5a">
         <path>/Users/jonathan/ccs/tools/compiler/ti-cgt-msp430_18.12.2.LTS/lib/</path>
         <kind>archive</kind>
         <file>rts430x_lc_sd_eabi.lib</file>
         <name>mult16.asm.obj</name>
      </input_file>
      <input_file id="fl-5b">
         <path>/Users/jonathan/ccs/tools/compiler/ti-cgt-msp430_18.12.2.LTS/lib/</path>
         <kind>archive</kind>
         <file>rts430x_lc_sd_eabi.lib</file>
         <name>exit_gvars.c.obj</name>
      </input_file>
   </input_file_list>
   <object_component_list>
      <object_component id="oc-6ee">
         <name>.cinit..data.load</name>
         <load_address>0xc400</load_address>
         <run_address>0xc400</run_address>
         <size>0x38</size>
      </object_component>
      <object_component id="oc-6eb">
         <name>__TI_handler_table</name>
         <load_address>0xc43a</load_address>
         <run_address>0xc43a</run_address>
         <size>0xc</size>
      </object_component>
      <object_component id="oc-6ed">
         <name>.cinit..bss.load</name>
         <load_address>0xc446</load_address>
         <run_address>0xc446</run_address>
         <size>0x6</size>
      </object_component>
      <object_component id="oc-6ec">
         <name>__TI_cinit_table</name>
         <load_address>0xc44c</load_address>
         <run_address>0xc44c</run_address>
         <size>0x10</size>
      </object_component>
      <object_component id="oc-683">
         <name>.binit</name>
         <load_address>0xc45c</load_address>
         <run_address>0xc45c</run_address>
         <size>0x0</size>
      </object_component>
      <object_component id="oc-5e6">
         <name>.const:alphabetBig</name>
         <load_address>0xc45c</load_address>
         <run_address>0xc45c</run_address>
         <size>0x34</size>
         <input_file_ref idref="fl-2"/>
      </object_component>
      <object_component id="oc-5c4">
         <name>.const:GPIO_PORT_TO_BASE</name>
         <load_address>0xc490</load_address>
         <run_address>0xc490</run_address>
         <size>0x1c</size>
         <input_file_ref idref="fl-d"/>
      </object_component>
      <object_component id="oc-5e9">
         <name>.const:digit</name>
         <load_address>0xc4ac</load_address>
         <run_address>0xc4ac</run_address>
         <size>0x14</size>
         <input_file_ref idref="fl-2"/>
      </object_component>
      <object_component id="oc-54c">
         <name>.const:$P$T0$1</name>
         <load_address>0xc4c0</load_address>
         <run_address>0xc4c0</run_address>
         <size>0x10</size>
         <input_file_ref idref="fl-3"/>
      </object_component>
      <object_component id="oc-4b1">
         <name>.const:.string</name>
         <load_address>0xc4d0</load_address>
         <run_address>0xc4d0</run_address>
         <size>0x10</size>
         <input_file_ref idref="fl-3"/>
      </object_component>
      <object_component id="oc-5e2">
         <name>.const:.string:$P$T1$2</name>
         <load_address>0xc4e0</load_address>
         <run_address>0xc4e0</run_address>
         <size>0x6</size>
         <input_file_ref idref="fl-2"/>
      </object_component>
      <object_component id="oc-335">
         <name>.text:main</name>
         <load_address>0xc4e6</load_address>
         <run_address>0xc4e6</run_address>
         <size>0x364</size>
         <input_file_ref idref="fl-3"/>
      </object_component>
      <object_component id="oc-64">
         <name>.text:decompress:lzss:__TI_decompress_lzss</name>
         <load_address>0xc84a</load_address>
         <run_address>0xc84a</run_address>
         <size>0xee</size>
         <input_file_ref idref="fl-51"/>
      </object_component>
      <object_component id="oc-47a">
         <name>.text:aligned_alloc</name>
         <load_address>0xc938</load_address>
         <run_address>0xc938</run_address>
         <size>0xe0</size>
         <input_file_ref idref="fl-56"/>
      </object_component>
      <object_component id="oc-4b2">
         <name>.text:displayScrollText</name>
         <load_address>0xca18</load_address>
         <run_address>0xca18</run_address>
         <size>0xcc</size>
         <input_file_ref idref="fl-2"/>
      </object_component>
      <object_component id="oc-46d">
         <name>.text:Init_LCD</name>
         <load_address>0xcae4</load_address>
         <run_address>0xcae4</run_address>
         <size>0xc4</size>
         <input_file_ref idref="fl-2"/>
      </object_component>
      <object_component id="oc-53f">
         <name>.text:CS_initClockSignal</name>
         <load_address>0xcba8</load_address>
         <run_address>0xcba8</run_address>
         <size>0xb8</size>
         <input_file_ref idref="fl-6"/>
      </object_component>
      <object_component id="oc-383">
         <name>.text:setMux</name>
         <load_address>0xcc60</load_address>
         <run_address>0xcc60</run_address>
         <size>0xb4</size>
         <input_file_ref idref="fl-3"/>
      </object_component>
      <object_component id="oc-3c4">
         <name>.text:displayLCD</name>
         <load_address>0xcd14</load_address>
         <run_address>0xcd14</run_address>
         <size>0xb2</size>
         <input_file_ref idref="fl-3"/>
      </object_component>
      <object_component id="oc-44f">
         <name>.text:Init_GPIO</name>
         <load_address>0xcdc6</load_address>
         <run_address>0xcdc6</run_address>
         <size>0x9e</size>
         <input_file_ref idref="fl-3"/>
      </object_component>
      <object_component id="oc-555">
         <name>.text:EUSCI_A_UART_init</name>
         <load_address>0xce64</load_address>
         <run_address>0xce64</run_address>
         <size>0x8e</size>
         <input_file_ref idref="fl-9"/>
      </object_component>
      <object_component id="oc-4be">
         <name>.text:showChar</name>
         <load_address>0xcef2</load_address>
         <run_address>0xcef2</run_address>
         <size>0x8c</size>
         <input_file_ref idref="fl-2"/>
      </object_component>
      <object_component id="oc-389">
         <name>.text:storeSensorReadings</name>
         <load_address>0xcf7e</load_address>
         <run_address>0xcf7e</run_address>
         <size>0x86</size>
         <input_file_ref idref="fl-3"/>
      </object_component>
      <object_component id="oc-568">
         <name>.text:LCD_E_setPinAsLCDFunctionEx</name>
         <load_address>0xd004</load_address>
         <run_address>0xd004</run_address>
         <size>0x84</size>
         <input_file_ref idref="fl-f"/>
      </object_component>
      <object_component id="oc-467">
         <name>.text:Init_UART</name>
         <load_address>0xd088</load_address>
         <run_address>0xd088</run_address>
         <size>0x80</size>
         <input_file_ref idref="fl-3"/>
      </object_component>
      <object_component id="oc-3b8">
         <name>.text:getAverageSensorReading</name>
         <load_address>0xd108</load_address>
         <run_address>0xd108</run_address>
         <size>0x80</size>
         <input_file_ref idref="fl-3"/>
      </object_component>
      <object_component id="oc-592">
         <name>.text:LCD_E_setPinAsCOM</name>
         <load_address>0xd188</load_address>
         <run_address>0xd188</run_address>
         <size>0x6e</size>
         <input_file_ref idref="fl-f"/>
      </object_component>
      <object_component id="oc-405">
         <name>.text:__TI_auto_init_nobinit_nopinit_hold_wdt:__TI_auto_init_nobinit_nopinit_hold_wdt</name>
         <load_address>0xd1f6</load_address>
         <run_address>0xd1f6</run_address>
         <size>0x6a</size>
         <input_file_ref idref="fl-4a"/>
      </object_component>
      <object_component id="oc-5bd">
         <name>.text:split</name>
         <load_address>0xd260</load_address>
         <run_address>0xd260</run_address>
         <size>0x6a</size>
         <input_file_ref idref="fl-56"/>
      </object_component>
      <object_component id="oc-499">
         <name>.text:Timer_A_outputPWM</name>
         <load_address>0xd2ca</load_address>
         <run_address>0xd2ca</run_address>
         <size>0x56</size>
         <input_file_ref idref="fl-17"/>
      </object_component>
      <object_component id="oc-3ce">
         <name>.text:set_led_ind</name>
         <load_address>0xd320</load_address>
         <run_address>0xd320</run_address>
         <size>0x56</size>
         <input_file_ref idref="fl-3"/>
      </object_component>
      <object_component id="oc-45b">
         <name>.text:Init_ADC</name>
         <load_address>0xd376</load_address>
         <run_address>0xd376</run_address>
         <size>0x52</size>
         <input_file_ref idref="fl-3"/>
      </object_component>
      <object_component id="oc-38f">
         <name>.text:select_pwm_target</name>
         <load_address>0xd3c8</load_address>
         <run_address>0xd3c8</run_address>
         <size>0x52</size>
         <input_file_ref idref="fl-3"/>
      </object_component>
      <object_component id="oc-3da">
         <name>.text:update_servos</name>
         <load_address>0xd41a</load_address>
         <run_address>0xd41a</run_address>
         <size>0x52</size>
         <input_file_ref idref="fl-3"/>
      </object_component>
      <object_component id="oc-3b2">
         <name>.text:zone_select</name>
         <load_address>0xd46c</load_address>
         <run_address>0xd46c</run_address>
         <size>0x4a</size>
         <input_file_ref idref="fl-3"/>
      </object_component>
      <object_component id="oc-28d">
         <name>.text:__memcpy_far</name>
         <load_address>0xd4b6</load_address>
         <run_address>0xd4b6</run_address>
         <size>0x40</size>
         <input_file_ref idref="fl-59"/>
      </object_component>
      <object_component id="oc-2aa">
         <name>.text:decompress:ZI:__TI_zero_init_nomemset:__TI_zero_init_nomemset</name>
         <load_address>0xd4f6</load_address>
         <run_address>0xd4f6</run_address>
         <size>0x3e</size>
         <input_file_ref idref="fl-4b"/>
      </object_component>
      <object_component id="oc-461">
         <name>.text:Init_Clock</name>
         <load_address>0xd534</load_address>
         <run_address>0xd534</run_address>
         <size>0x3c</size>
         <input_file_ref idref="fl-3"/>
      </object_component>
      <object_component id="oc-6a">
         <name>.text:decompress:none:__TI_decompress_none</name>
         <load_address>0xd570</load_address>
         <run_address>0xd570</run_address>
         <size>0x3c</size>
         <input_file_ref idref="fl-50"/>
      </object_component>
      <object_component id="oc-51a">
         <name>.text:ADC_init</name>
         <load_address>0xd5ac</load_address>
         <run_address>0xd5ac</run_address>
         <size>0x34</size>
         <input_file_ref idref="fl-4"/>
      </object_component>
      <object_component id="oc-514">
         <name>.text:GPIO_setAsPeripheralModuleFunctionInputPin</name>
         <load_address>0xd5e0</load_address>
         <run_address>0xd5e0</run_address>
         <size>0x32</size>
         <input_file_ref idref="fl-d"/>
      </object_component>
      <object_component id="oc-2a4">
         <name>.text:_isr:EUSCIA0_ISR</name>
         <load_address>0xd612</load_address>
         <run_address>0xd612</run_address>
         <size>0x32</size>
         <input_file_ref idref="fl-3"/>
      </object_component>
      <object_component id="oc-52c">
         <name>.text:ADC_configureMemory</name>
         <load_address>0xd644</load_address>
         <run_address>0xd644</run_address>
         <size>0x30</size>
         <input_file_ref idref="fl-4"/>
      </object_component>
      <object_component id="oc-545">
         <name>.text:CS_turnOnXT1LF</name>
         <load_address>0xd674</load_address>
         <run_address>0xd674</run_address>
         <size>0x30</size>
         <input_file_ref idref="fl-6"/>
      </object_component>
      <object_component id="oc-29e">
         <name>.text:_isr:ADC_ISR</name>
         <load_address>0xd6a4</load_address>
         <run_address>0xd6a4</run_address>
         <size>0x30</size>
         <input_file_ref idref="fl-3"/>
      </object_component>
      <object_component id="oc-375">
         <name>.text:initAll</name>
         <load_address>0xd6d4</load_address>
         <run_address>0xd6d4</run_address>
         <size>0x30</size>
         <input_file_ref idref="fl-3"/>
      </object_component>
      <object_component id="oc-50d">
         <name>.text:GPIO_setAsPeripheralModuleFunctionOutputPin</name>
         <load_address>0xd704</load_address>
         <run_address>0xd704</run_address>
         <size>0x2e</size>
         <input_file_ref idref="fl-d"/>
      </object_component>
      <object_component id="oc-455">
         <name>.text:Init_PWM</name>
         <load_address>0xd732</load_address>
         <run_address>0xd732</run_address>
         <size>0x2c</size>
         <input_file_ref idref="fl-3"/>
      </object_component>
      <object_component id="oc-39b">
         <name>.text:output_pwm_idle</name>
         <load_address>0xd75e</load_address>
         <run_address>0xd75e</run_address>
         <size>0x2c</size>
         <input_file_ref idref="fl-3"/>
      </object_component>
      <object_component id="oc-3a1">
         <name>.text:output_pwm_off</name>
         <load_address>0xd78a</load_address>
         <run_address>0xd78a</run_address>
         <size>0x2c</size>
         <input_file_ref idref="fl-3"/>
      </object_component>
      <object_component id="oc-395">
         <name>.text:output_pwm_on</name>
         <load_address>0xd7b6</load_address>
         <run_address>0xd7b6</run_address>
         <size>0x2c</size>
         <input_file_ref idref="fl-3"/>
      </object_component>
      <object_component id="oc-3ad">
         <name>.text</name>
         <load_address>0xd7e2</load_address>
         <run_address>0xd7e2</run_address>
         <size>0x2c</size>
         <input_file_ref idref="fl-35"/>
      </object_component>
      <object_component id="oc-56e">
         <name>.text:LCD_E_init</name>
         <load_address>0xd80e</load_address>
         <run_address>0xd80e</run_address>
         <size>0x28</size>
         <input_file_ref idref="fl-f"/>
      </object_component>
      <object_component id="oc-5b7">
         <name>.text:free_list_insert</name>
         <load_address>0xd836</load_address>
         <run_address>0xd836</run_address>
         <size>0x28</size>
         <input_file_ref idref="fl-56"/>
      </object_component>
      <object_component id="oc-500">
         <name>.text:GPIO_setAsInputPinWithPullUpResistor</name>
         <load_address>0xd85e</load_address>
         <run_address>0xd85e</run_address>
         <size>0x26</size>
         <input_file_ref idref="fl-d"/>
      </object_component>
      <object_component id="oc-63d">
         <name>.text:setLCDFunction</name>
         <load_address>0xd884</load_address>
         <run_address>0xd884</run_address>
         <size>0x20</size>
         <input_file_ref idref="fl-f"/>
      </object_component>
      <object_component id="oc-2bc">
         <name>.text:_isr:_c_int00_noargs</name>
         <load_address>0xd8a4</load_address>
         <run_address>0xd8a4</run_address>
         <size>0x1c</size>
         <input_file_ref idref="fl-49"/>
      </object_component>
      <object_component id="oc-5b1">
         <name>.text:free_list_remove</name>
         <load_address>0xd8c0</load_address>
         <run_address>0xd8c0</run_address>
         <size>0x1c</size>
         <input_file_ref idref="fl-56"/>
      </object_component>
      <object_component id="oc-3a7">
         <name>.text:isDaytime</name>
         <load_address>0xd8dc</load_address>
         <run_address>0xd8dc</run_address>
         <size>0x1c</size>
         <input_file_ref idref="fl-3"/>
      </object_component>
      <object_component id="oc-5ca">
         <name>.text:ADC_startConversion</name>
         <load_address>0xd8f8</load_address>
         <run_address>0xd8f8</run_address>
         <size>0x1a</size>
         <input_file_ref idref="fl-4"/>
      </object_component>
      <object_component id="oc-4ab">
         <name>.text:GPIO_getInputPinValue</name>
         <load_address>0xd912</load_address>
         <run_address>0xd912</run_address>
         <size>0x1a</size>
         <input_file_ref idref="fl-d"/>
      </object_component>
      <object_component id="oc-506">
         <name>.text:GPIO_setAsOutputPin</name>
         <load_address>0xd92c</load_address>
         <run_address>0xd92c</run_address>
         <size>0x1a</size>
         <input_file_ref idref="fl-d"/>
      </object_component>
      <object_component id="oc-561">
         <name>.text:EUSCI_A_UART_enableInterrupt</name>
         <load_address>0xd946</load_address>
         <run_address>0xd946</run_address>
         <size>0x16</size>
         <input_file_ref idref="fl-9"/>
      </object_component>
      <object_component id="oc-481">
         <name>.text:GPIO_setOutputHighOnPin</name>
         <load_address>0xd95c</load_address>
         <run_address>0xd95c</run_address>
         <size>0x16</size>
         <input_file_ref idref="fl-d"/>
      </object_component>
      <object_component id="oc-487">
         <name>.text:GPIO_setOutputLowOnPin</name>
         <load_address>0xd972</load_address>
         <run_address>0xd972</run_address>
         <size>0x16</size>
         <input_file_ref idref="fl-d"/>
      </object_component>
      <object_component id="oc-48e">
         <name>.text:read_adc</name>
         <load_address>0xd988</load_address>
         <run_address>0xd988</run_address>
         <size>0x16</size>
         <input_file_ref idref="fl-3"/>
      </object_component>
      <object_component id="oc-4a5">
         <name>.text</name>
         <load_address>0xd99e</load_address>
         <run_address>0xd99e</run_address>
         <size>0x16</size>
         <input_file_ref idref="fl-36"/>
      </object_component>
      <object_component id="oc-526">
         <name>.text:ADC_setupSamplingTimer</name>
         <load_address>0xd9b4</load_address>
         <run_address>0xd9b4</run_address>
         <size>0x14</size>
         <input_file_ref idref="fl-4"/>
      </object_component>
      <object_component id="oc-31b">
         <name>.text:EUSCI_A_UART_receiveData</name>
         <load_address>0xd9c8</load_address>
         <run_address>0xd9c8</run_address>
         <size>0x14</size>
         <input_file_ref idref="fl-9"/>
      </object_component>
      <object_component id="oc-321">
         <name>.text:EUSCI_A_UART_transmitData</name>
         <load_address>0xd9dc</load_address>
         <run_address>0xd9dc</run_address>
         <size>0x14</size>
         <input_file_ref idref="fl-9"/>
      </object_component>
      <object_component id="oc-449">
         <name>.text:WDT_A_hold</name>
         <load_address>0xd9f0</load_address>
         <run_address>0xd9f0</run_address>
         <size>0x14</size>
         <input_file_ref idref="fl-1a"/>
      </object_component>
      <object_component id="oc-574">
         <name>.text:LCD_E_setVLCDSource</name>
         <load_address>0xda04</load_address>
         <run_address>0xda04</run_address>
         <size>0x12</size>
         <input_file_ref idref="fl-f"/>
      </object_component>
      <object_component id="oc-54f">
         <name>.text:memcpy</name>
         <load_address>0xda16</load_address>
         <run_address>0xda16</run_address>
         <size>0x12</size>
         <input_file_ref idref="fl-55"/>
      </object_component>
      <object_component id="oc-598">
         <name>.text:LCD_E_selectDisplayMemory</name>
         <load_address>0xda28</load_address>
         <run_address>0xda28</run_address>
         <size>0xe</size>
         <input_file_ref idref="fl-f"/>
      </object_component>
      <object_component id="oc-586">
         <name>.text:LCD_E_setChargePumpFreq</name>
         <load_address>0xda36</load_address>
         <run_address>0xda36</run_address>
         <size>0xe</size>
         <input_file_ref idref="fl-f"/>
      </object_component>
      <object_component id="oc-57a">
         <name>.text:LCD_E_setVLCDVoltage</name>
         <load_address>0xda44</load_address>
         <run_address>0xda44</run_address>
         <size>0xe</size>
         <input_file_ref idref="fl-f"/>
      </object_component>
      <object_component id="oc-5dc">
         <name>.text:strlen</name>
         <load_address>0xda52</load_address>
         <run_address>0xda52</run_address>
         <size>0xe</size>
         <input_file_ref idref="fl-58"/>
      </object_component>
      <object_component id="oc-59e">
         <name>.text:LCD_E_on</name>
         <load_address>0xda60</load_address>
         <run_address>0xda60</run_address>
         <size>0xc</size>
         <input_file_ref idref="fl-f"/>
      </object_component>
      <object_component id="oc-539">
         <name>.text:CS_setExternalClockSource</name>
         <load_address>0xda6c</load_address>
         <run_address>0xda6c</run_address>
         <size>0xa</size>
         <input_file_ref idref="fl-6"/>
      </object_component>
      <object_component id="oc-623">
         <name>.text</name>
         <load_address>0xda76</load_address>
         <run_address>0xda76</run_address>
         <size>0xa</size>
         <input_file_ref idref="fl-46"/>
      </object_component>
      <object_component id="oc-638">
         <name>.text</name>
         <load_address>0xda80</load_address>
         <run_address>0xda80</run_address>
         <size>0xa</size>
         <input_file_ref idref="fl-47"/>
      </object_component>
      <object_component id="oc-520">
         <name>.text:ADC_enable</name>
         <load_address>0xda8a</load_address>
         <run_address>0xda8a</run_address>
         <size>0x8</size>
         <input_file_ref idref="fl-4"/>
      </object_component>
      <object_component id="oc-2f4">
         <name>.text:ADC_getInterruptStatus</name>
         <load_address>0xda92</load_address>
         <run_address>0xda92</run_address>
         <size>0x8</size>
         <input_file_ref idref="fl-4"/>
      </object_component>
      <object_component id="oc-30f">
         <name>.text:EUSCI_A_UART_getInterruptStatus</name>
         <load_address>0xda9a</load_address>
         <run_address>0xda9a</run_address>
         <size>0x8</size>
         <input_file_ref idref="fl-9"/>
      </object_component>
      <object_component id="oc-580">
         <name>.text:LCD_E_enableChargePump</name>
         <load_address>0xdaa2</load_address>
         <run_address>0xdaa2</run_address>
         <size>0x8</size>
         <input_file_ref idref="fl-f"/>
      </object_component>
      <object_component id="oc-299">
         <name>.text:_isr:__TI_ISR_TRAP</name>
         <load_address>0xdaaa</load_address>
         <run_address>0xdaaa</run_address>
         <size>0x8</size>
         <input_file_ref idref="fl-45"/>
      </object_component>
      <object_component id="oc-37c">
         <name>.text:malloc</name>
         <load_address>0xdab2</load_address>
         <run_address>0xdab2</run_address>
         <size>0x8</size>
         <input_file_ref idref="fl-56"/>
      </object_component>
      <object_component id="oc-2fa">
         <name>.text:ADC_clearInterrupt</name>
         <load_address>0xdaba</load_address>
         <run_address>0xdaba</run_address>
         <size>0x6</size>
         <input_file_ref idref="fl-4"/>
      </object_component>
      <object_component id="oc-532">
         <name>.text:ADC_enableInterrupt</name>
         <load_address>0xdac0</load_address>
         <run_address>0xdac0</run_address>
         <size>0x6</size>
         <input_file_ref idref="fl-4"/>
      </object_component>
      <object_component id="oc-303">
         <name>.text:ADC_getResults</name>
         <load_address>0xdac6</load_address>
         <run_address>0xdac6</run_address>
         <size>0x6</size>
         <input_file_ref idref="fl-4"/>
      </object_component>
      <object_component id="oc-315">
         <name>.text:EUSCI_A_UART_clearInterrupt</name>
         <load_address>0xdacc</load_address>
         <run_address>0xdacc</run_address>
         <size>0x6</size>
         <input_file_ref idref="fl-9"/>
      </object_component>
      <object_component id="oc-55b">
         <name>.text:EUSCI_A_UART_enable</name>
         <load_address>0xdad2</load_address>
         <run_address>0xdad2</run_address>
         <size>0x6</size>
         <input_file_ref idref="fl-9"/>
      </object_component>
      <object_component id="oc-58c">
         <name>.text:LCD_E_clearAllMemory</name>
         <load_address>0xdad8</load_address>
         <run_address>0xdad8</run_address>
         <size>0x6</size>
         <input_file_ref idref="fl-f"/>
      </object_component>
      <object_component id="oc-473">
         <name>.text:PMM_unlockLPM5</name>
         <load_address>0xdade</load_address>
         <run_address>0xdade</run_address>
         <size>0x6</size>
         <input_file_ref idref="fl-11"/>
      </object_component>
      <object_component id="oc-3e1">
         <name>.text:abort</name>
         <load_address>0xdae4</load_address>
         <run_address>0xdae4</run_address>
         <size>0x6</size>
         <input_file_ref idref="fl-52"/>
      </object_component>
      <object_component id="oc-32f">
         <name>.text:_system_pre_init</name>
         <load_address>0xdaea</load_address>
         <run_address>0xdaea</run_address>
         <size>0x4</size>
         <input_file_ref idref="fl-4e"/>
      </object_component>
      <object_component id="oc-5ef">
         <name>.text:_nop</name>
         <load_address>0xdaee</load_address>
         <run_address>0xdaee</run_address>
         <size>0x2</size>
         <input_file_ref idref="fl-53"/>
      </object_component>
      <object_component id="oc-4dd">
         <name>.text:_system_post_cinit</name>
         <load_address>0xdaf0</load_address>
         <run_address>0xdaf0</run_address>
         <size>0x2</size>
         <input_file_ref idref="fl-4f"/>
      </object_component>
      <object_component id="oc-5ae">
         <name>.bss</name>
         <uninitialized>true</uninitialized>
         <run_address>0x20de</run_address>
         <size>0x2</size>
         <input_file_ref idref="fl-56"/>
      </object_component>
      <object_component id="oc-496">
         <name>.common:param</name>
         <uninitialized>true</uninitialized>
         <run_address>0x20d2</run_address>
         <size>0xc</size>
      </object_component>
      <object_component id="oc-37b">
         <name>.common:servo</name>
         <uninitialized>true</uninitialized>
         <run_address>0x20ea</run_address>
         <size>0x2</size>
      </object_component>
      <object_component id="oc-4a3">
         <name>.common:isOver</name>
         <uninitialized>true</uninitialized>
         <run_address>0x20e6</run_address>
         <size>0x2</size>
      </object_component>
      <object_component id="oc-4a2">
         <name>.common:lightVal</name>
         <uninitialized>true</uninitialized>
         <run_address>0x20e8</run_address>
         <size>0x2</size>
      </object_component>
      <object_component id="oc-382">
         <name>.common:averagedValues</name>
         <uninitialized>true</uninitialized>
         <run_address>0x20e0</run_address>
         <size>0x2</size>
      </object_component>
      <object_component id="oc-3cc">
         <name>.common:ventZone1</name>
         <uninitialized>true</uninitialized>
         <run_address>0x20ec</run_address>
         <size>0x2</size>
      </object_component>
      <object_component id="oc-3cd">
         <name>.common:ventZone2</name>
         <uninitialized>true</uninitialized>
         <run_address>0x20ee</run_address>
         <size>0x2</size>
      </object_component>
      <object_component id="oc-3ca">
         <name>.common:irrZone1</name>
         <uninitialized>true</uninitialized>
         <run_address>0x20e2</run_address>
         <size>0x2</size>
      </object_component>
      <object_component id="oc-3cb">
         <name>.common:irrZone2</name>
         <uninitialized>true</uninitialized>
         <run_address>0x20e4</run_address>
         <size>0x2</size>
      </object_component>
      <object_component id="oc-300">
         <name>.data</name>
         <load_address>0x20a0</load_address>
         <run_address>0x20a0</run_address>
         <size>0x18</size>
         <input_file_ref idref="fl-3"/>
      </object_component>
      <object_component id="oc-3be">
         <name>.data:temp</name>
         <load_address>0x20d0</load_address>
         <run_address>0x20d0</run_address>
         <size>0x2</size>
         <input_file_ref idref="fl-3"/>
      </object_component>
      <object_component id="oc-3c1">
         <name>.data:soil</name>
         <load_address>0x20ce</load_address>
         <run_address>0x20ce</run_address>
         <size>0x2</size>
         <input_file_ref idref="fl-3"/>
      </object_component>
      <object_component id="oc-3d4">
         <name>.data:servoStates</name>
         <load_address>0x20c4</load_address>
         <run_address>0x20c4</run_address>
         <size>0x4</size>
         <input_file_ref idref="fl-3"/>
      </object_component>
      <object_component id="oc-3d7">
         <name>.data:servoStates_h</name>
         <load_address>0x20c8</load_address>
         <run_address>0x20c8</run_address>
         <size>0x4</size>
         <input_file_ref idref="fl-3"/>
      </object_component>
      <object_component id="oc-62a">
         <name>.data</name>
         <load_address>0x20c0</load_address>
         <run_address>0x20c0</run_address>
         <size>0x4</size>
         <input_file_ref idref="fl-6"/>
      </object_component>
      <object_component id="oc-4cf">
         <name>.data:_lock</name>
         <load_address>0x20b8</load_address>
         <run_address>0x20b8</run_address>
         <size>0x4</size>
         <input_file_ref idref="fl-53"/>
      </object_component>
      <object_component id="oc-4d8">
         <name>.data:_unlock</name>
         <load_address>0x20bc</load_address>
         <run_address>0x20bc</run_address>
         <size>0x4</size>
         <input_file_ref idref="fl-53"/>
      </object_component>
      <object_component id="oc-5ab">
         <name>.data</name>
         <load_address>0x20cc</load_address>
         <run_address>0x20cc</run_address>
         <size>0x2</size>
         <input_file_ref idref="fl-56"/>
      </object_component>
      <object_component id="oc-27f">
         <name>.sysmem</name>
         <uninitialized>true</uninitialized>
         <run_address>0x2000</run_address>
         <size>0x8</size>
         <input_file_ref idref="fl-56"/>
      </object_component>
      <object_component id="oc-6f0">
         <name>.sysmem</name>
         <uninitialized>true</uninitialized>
         <run_address>0x2000</run_address>
         <size>0x0</size>
      </object_component>
      <object_component id="oc-27b">
         <name>.stack</name>
         <uninitialized>true</uninitialized>
         <run_address>0x2760</run_address>
         <size>0x2</size>
         <input_file_ref idref="fl-49"/>
      </object_component>
      <object_component id="oc-6ef">
         <name>.stack</name>
         <uninitialized>true</uninitialized>
         <run_address>0x2760</run_address>
         <size>0x0</size>
      </object_component>
      <object_component id="oc-70">
         <name>.int45</name>
         <load_address>0xffe2</load_address>
         <run_address>0xffe2</run_address>
         <size>0x2</size>
         <input_file_ref idref="fl-39"/>
      </object_component>
      <object_component id="oc-71">
         <name>.int46</name>
         <load_address>0xffe4</load_address>
         <run_address>0xffe4</run_address>
         <size>0x2</size>
         <input_file_ref idref="fl-3a"/>
      </object_component>
      <object_component id="oc-72">
         <name>.int47</name>
         <load_address>0xffe6</load_address>
         <run_address>0xffe6</run_address>
         <size>0x2</size>
         <input_file_ref idref="fl-3b"/>
      </object_component>
      <object_component id="oc-73">
         <name>.int48</name>
         <load_address>0xffe8</load_address>
         <run_address>0xffe8</run_address>
         <size>0x2</size>
         <input_file_ref idref="fl-3"/>
      </object_component>
      <object_component id="oc-74">
         <name>.int49</name>
         <load_address>0xffea</load_address>
         <run_address>0xffea</run_address>
         <size>0x2</size>
         <input_file_ref idref="fl-3c"/>
      </object_component>
      <object_component id="oc-75">
         <name>.int50</name>
         <load_address>0xffec</load_address>
         <run_address>0xffec</run_address>
         <size>0x2</size>
         <input_file_ref idref="fl-3"/>
      </object_component>
      <object_component id="oc-76">
         <name>.int51</name>
         <load_address>0xffee</load_address>
         <run_address>0xffee</run_address>
         <size>0x2</size>
         <input_file_ref idref="fl-3d"/>
      </object_component>
      <object_component id="oc-77">
         <name>.int52</name>
         <load_address>0xfff0</load_address>
         <run_address>0xfff0</run_address>
         <size>0x2</size>
         <input_file_ref idref="fl-3e"/>
      </object_component>
      <object_component id="oc-78">
         <name>.int53</name>
         <load_address>0xfff2</load_address>
         <run_address>0xfff2</run_address>
         <size>0x2</size>
         <input_file_ref idref="fl-3f"/>
      </object_component>
      <object_component id="oc-79">
         <name>.int54</name>
         <load_address>0xfff4</load_address>
         <run_address>0xfff4</run_address>
         <size>0x2</size>
         <input_file_ref idref="fl-40"/>
      </object_component>
      <object_component id="oc-7a">
         <name>.int55</name>
         <load_address>0xfff6</load_address>
         <run_address>0xfff6</run_address>
         <size>0x2</size>
         <input_file_ref idref="fl-41"/>
      </object_component>
      <object_component id="oc-7b">
         <name>.int56</name>
         <load_address>0xfff8</load_address>
         <run_address>0xfff8</run_address>
         <size>0x2</size>
         <input_file_ref idref="fl-42"/>
      </object_component>
      <object_component id="oc-7c">
         <name>.int57</name>
         <load_address>0xfffa</load_address>
         <run_address>0xfffa</run_address>
         <size>0x2</size>
         <input_file_ref idref="fl-43"/>
      </object_component>
      <object_component id="oc-7d">
         <name>.int58</name>
         <load_address>0xfffc</load_address>
         <run_address>0xfffc</run_address>
         <size>0x2</size>
         <input_file_ref idref="fl-44"/>
      </object_component>
      <object_component id="oc-27e">
         <name>.reset</name>
         <load_address>0xfffe</load_address>
         <run_address>0xfffe</run_address>
         <size>0x2</size>
         <input_file_ref idref="fl-49"/>
      </object_component>
      <object_component id="oc-497">
         <name>.debug_info</name>
         <load_address>0x0</load_address>
         <run_address>0x0</run_address>
         <size>0x47b</size>
         <input_file_ref idref="fl-2"/>
      </object_component>
      <object_component id="oc-5ea">
         <name>.debug_info</name>
         <load_address>0x47b</load_address>
         <run_address>0x47b</run_address>
         <size>0xd3</size>
         <input_file_ref idref="fl-2"/>
      </object_component>
      <object_component id="oc-5e7">
         <name>.debug_info</name>
         <load_address>0x54e</load_address>
         <run_address>0x54e</run_address>
         <size>0xdf</size>
         <input_file_ref idref="fl-2"/>
      </object_component>
      <object_component id="oc-5e3">
         <name>.debug_info</name>
         <load_address>0x62d</load_address>
         <run_address>0x62d</run_address>
         <size>0xd6</size>
         <input_file_ref idref="fl-2"/>
      </object_component>
      <object_component id="oc-4bf">
         <name>.debug_info</name>
         <load_address>0x703</load_address>
         <run_address>0x703</run_address>
         <size>0x1a1</size>
         <input_file_ref idref="fl-2"/>
      </object_component>
      <object_component id="oc-4b3">
         <name>.debug_info</name>
         <load_address>0x8a4</load_address>
         <run_address>0x8a4</run_address>
         <size>0x1ee</size>
         <input_file_ref idref="fl-2"/>
      </object_component>
      <object_component id="oc-46e">
         <name>.debug_info</name>
         <load_address>0xa92</load_address>
         <run_address>0xa92</run_address>
         <size>0x296</size>
         <input_file_ref idref="fl-2"/>
      </object_component>
      <object_component id="oc-427">
         <name>.debug_info</name>
         <load_address>0xd28</load_address>
         <run_address>0xd28</run_address>
         <size>0x26b</size>
         <input_file_ref idref="fl-2"/>
      </object_component>
      <object_component id="oc-676">
         <name>.debug_info</name>
         <load_address>0xf93</load_address>
         <run_address>0xf93</run_address>
         <size>0x76</size>
         <input_file_ref idref="fl-2"/>
      </object_component>
      <object_component id="oc-433">
         <name>.debug_info</name>
         <load_address>0x1009</load_address>
         <run_address>0x1009</run_address>
         <size>0xee</size>
         <input_file_ref idref="fl-2"/>
      </object_component>
      <object_component id="oc-5a5">
         <name>.debug_info</name>
         <load_address>0x10f7</load_address>
         <run_address>0x10f7</run_address>
         <size>0x9e</size>
         <input_file_ref idref="fl-2"/>
      </object_component>
      <object_component id="oc-43d">
         <name>.debug_info</name>
         <load_address>0x1195</load_address>
         <run_address>0x1195</run_address>
         <size>0x51</size>
         <input_file_ref idref="fl-2"/>
      </object_component>
      <object_component id="oc-438">
         <name>.debug_info</name>
         <load_address>0x11e6</load_address>
         <run_address>0x11e6</run_address>
         <size>0x392</size>
         <input_file_ref idref="fl-2"/>
      </object_component>
      <object_component id="oc-30a">
         <name>.debug_info</name>
         <load_address>0x1578</load_address>
         <run_address>0x1578</run_address>
         <size>0x8b</size>
         <input_file_ref idref="fl-2"/>
      </object_component>
      <object_component id="oc-420">
         <name>.debug_info</name>
         <load_address>0x1603</load_address>
         <run_address>0x1603</run_address>
         <size>0x275</size>
         <input_file_ref idref="fl-2"/>
      </object_component>
      <object_component id="oc-363">
         <name>.debug_info</name>
         <load_address>0x1878</load_address>
         <run_address>0x1878</run_address>
         <size>0xbb</size>
         <input_file_ref idref="fl-2"/>
      </object_component>
      <object_component id="oc-5d3">
         <name>.debug_info</name>
         <load_address>0x1933</load_address>
         <run_address>0x1933</run_address>
         <size>0x2c</size>
         <input_file_ref idref="fl-2"/>
      </object_component>
      <object_component id="oc-36c">
         <name>.debug_info</name>
         <load_address>0x195f</load_address>
         <run_address>0x195f</run_address>
         <size>0xbe0</size>
         <input_file_ref idref="fl-3"/>
      </object_component>
      <object_component id="oc-301">
         <name>.debug_info</name>
         <load_address>0x253f</load_address>
         <run_address>0x253f</run_address>
         <size>0x2ec</size>
         <input_file_ref idref="fl-3"/>
      </object_component>
      <object_component id="oc-3bf">
         <name>.debug_info</name>
         <load_address>0x282b</load_address>
         <run_address>0x282b</run_address>
         <size>0xcd</size>
         <input_file_ref idref="fl-3"/>
      </object_component>
      <object_component id="oc-3c2">
         <name>.debug_info</name>
         <load_address>0x28f8</load_address>
         <run_address>0x28f8</run_address>
         <size>0xcd</size>
         <input_file_ref idref="fl-3"/>
      </object_component>
      <object_component id="oc-3d5">
         <name>.debug_info</name>
         <load_address>0x29c5</load_address>
         <run_address>0x29c5</run_address>
         <size>0xdb</size>
         <input_file_ref idref="fl-3"/>
      </object_component>
      <object_component id="oc-3d8">
         <name>.debug_info</name>
         <load_address>0x2aa0</load_address>
         <run_address>0x2aa0</run_address>
         <size>0xdf</size>
         <input_file_ref idref="fl-3"/>
      </object_component>
      <object_component id="oc-54d">
         <name>.debug_info</name>
         <load_address>0x2b7f</load_address>
         <run_address>0x2b7f</run_address>
         <size>0xd4</size>
         <input_file_ref idref="fl-3"/>
      </object_component>
      <object_component id="oc-3b3">
         <name>.debug_info</name>
         <load_address>0x2c53</load_address>
         <run_address>0x2c53</run_address>
         <size>0x15a</size>
         <input_file_ref idref="fl-3"/>
      </object_component>
      <object_component id="oc-390">
         <name>.debug_info</name>
         <load_address>0x2dad</load_address>
         <run_address>0x2dad</run_address>
         <size>0x1e1</size>
         <input_file_ref idref="fl-3"/>
      </object_component>
      <object_component id="oc-3a2">
         <name>.debug_info</name>
         <load_address>0x2f8e</load_address>
         <run_address>0x2f8e</run_address>
         <size>0x122</size>
         <input_file_ref idref="fl-3"/>
      </object_component>
      <object_component id="oc-396">
         <name>.debug_info</name>
         <load_address>0x30b0</load_address>
         <run_address>0x30b0</run_address>
         <size>0x120</size>
         <input_file_ref idref="fl-3"/>
      </object_component>
      <object_component id="oc-39c">
         <name>.debug_info</name>
         <load_address>0x31d0</load_address>
         <run_address>0x31d0</run_address>
         <size>0x124</size>
         <input_file_ref idref="fl-3"/>
      </object_component>
      <object_component id="oc-3db">
         <name>.debug_info</name>
         <load_address>0x32f4</load_address>
         <run_address>0x32f4</run_address>
         <size>0x16f</size>
         <input_file_ref idref="fl-3"/>
      </object_component>
      <object_component id="oc-48f">
         <name>.debug_info</name>
         <load_address>0x3463</load_address>
         <run_address>0x3463</run_address>
         <size>0x11e</size>
         <input_file_ref idref="fl-3"/>
      </object_component>
      <object_component id="oc-38a">
         <name>.debug_info</name>
         <load_address>0x3581</load_address>
         <run_address>0x3581</run_address>
         <size>0x1bb</size>
         <input_file_ref idref="fl-3"/>
      </object_component>
      <object_component id="oc-3cf">
         <name>.debug_info</name>
         <load_address>0x373c</load_address>
         <run_address>0x373c</run_address>
         <size>0x185</size>
         <input_file_ref idref="fl-3"/>
      </object_component>
      <object_component id="oc-384">
         <name>.debug_info</name>
         <load_address>0x38c1</load_address>
         <run_address>0x38c1</run_address>
         <size>0x245</size>
         <input_file_ref idref="fl-3"/>
      </object_component>
      <object_component id="oc-450">
         <name>.debug_info</name>
         <load_address>0x3b06</load_address>
         <run_address>0x3b06</run_address>
         <size>0x284</size>
         <input_file_ref idref="fl-3"/>
      </object_component>
      <object_component id="oc-456">
         <name>.debug_info</name>
         <load_address>0x3d8a</load_address>
         <run_address>0x3d8a</run_address>
         <size>0x130</size>
         <input_file_ref idref="fl-3"/>
      </object_component>
      <object_component id="oc-45c">
         <name>.debug_info</name>
         <load_address>0x3eba</load_address>
         <run_address>0x3eba</run_address>
         <size>0x1b9</size>
         <input_file_ref idref="fl-3"/>
      </object_component>
      <object_component id="oc-462">
         <name>.debug_info</name>
         <load_address>0x4073</load_address>
         <run_address>0x4073</run_address>
         <size>0x1b3</size>
         <input_file_ref idref="fl-3"/>
      </object_component>
      <object_component id="oc-468">
         <name>.debug_info</name>
         <load_address>0x4226</load_address>
         <run_address>0x4226</run_address>
         <size>0x200</size>
         <input_file_ref idref="fl-3"/>
      </object_component>
      <object_component id="oc-376">
         <name>.debug_info</name>
         <load_address>0x4426</load_address>
         <run_address>0x4426</run_address>
         <size>0x185</size>
         <input_file_ref idref="fl-3"/>
      </object_component>
      <object_component id="oc-3b9">
         <name>.debug_info</name>
         <load_address>0x45ab</load_address>
         <run_address>0x45ab</run_address>
         <size>0x171</size>
         <input_file_ref idref="fl-3"/>
      </object_component>
      <object_component id="oc-3a8">
         <name>.debug_info</name>
         <load_address>0x471c</load_address>
         <run_address>0x471c</run_address>
         <size>0x127</size>
         <input_file_ref idref="fl-3"/>
      </object_component>
      <object_component id="oc-3c5">
         <name>.debug_info</name>
         <load_address>0x4843</load_address>
         <run_address>0x4843</run_address>
         <size>0x241</size>
         <input_file_ref idref="fl-3"/>
      </object_component>
      <object_component id="oc-336">
         <name>.debug_info</name>
         <load_address>0x4a84</load_address>
         <run_address>0x4a84</run_address>
         <size>0x4e1</size>
         <input_file_ref idref="fl-3"/>
      </object_component>
      <object_component id="oc-2a5">
         <name>.debug_info</name>
         <load_address>0x4f65</load_address>
         <run_address>0x4f65</run_address>
         <size>0x1aa</size>
         <input_file_ref idref="fl-3"/>
      </object_component>
      <object_component id="oc-29f">
         <name>.debug_info</name>
         <load_address>0x510f</load_address>
         <run_address>0x510f</run_address>
         <size>0x168</size>
         <input_file_ref idref="fl-3"/>
      </object_component>
      <object_component id="oc-42e">
         <name>.debug_info</name>
         <load_address>0x5277</load_address>
         <run_address>0x5277</run_address>
         <size>0x9a</size>
         <input_file_ref idref="fl-3"/>
      </object_component>
      <object_component id="oc-442">
         <name>.debug_info</name>
         <load_address>0x5311</load_address>
         <run_address>0x5311</run_address>
         <size>0x110</size>
         <input_file_ref idref="fl-3"/>
      </object_component>
      <object_component id="oc-368">
         <name>.debug_info</name>
         <load_address>0x5421</load_address>
         <run_address>0x5421</run_address>
         <size>0x159</size>
         <input_file_ref idref="fl-4"/>
      </object_component>
      <object_component id="oc-5cb">
         <name>.debug_info</name>
         <load_address>0x557a</load_address>
         <run_address>0x557a</run_address>
         <size>0x1f1</size>
         <input_file_ref idref="fl-4"/>
      </object_component>
      <object_component id="oc-527">
         <name>.debug_info</name>
         <load_address>0x576b</load_address>
         <run_address>0x576b</run_address>
         <size>0x20e</size>
         <input_file_ref idref="fl-4"/>
      </object_component>
      <object_component id="oc-51b">
         <name>.debug_info</name>
         <load_address>0x5979</load_address>
         <run_address>0x5979</run_address>
         <size>0x28b</size>
         <input_file_ref idref="fl-4"/>
      </object_component>
      <object_component id="oc-304">
         <name>.debug_info</name>
         <load_address>0x5c04</load_address>
         <run_address>0x5c04</run_address>
         <size>0x169</size>
         <input_file_ref idref="fl-4"/>
      </object_component>
      <object_component id="oc-2f5">
         <name>.debug_info</name>
         <load_address>0x5d6d</load_address>
         <run_address>0x5d6d</run_address>
         <size>0x1cf</size>
         <input_file_ref idref="fl-4"/>
      </object_component>
      <object_component id="oc-533">
         <name>.debug_info</name>
         <load_address>0x5f3c</load_address>
         <run_address>0x5f3c</run_address>
         <size>0x1b5</size>
         <input_file_ref idref="fl-4"/>
      </object_component>
      <object_component id="oc-521">
         <name>.debug_info</name>
         <load_address>0x60f1</load_address>
         <run_address>0x60f1</run_address>
         <size>0x15d</size>
         <input_file_ref idref="fl-4"/>
      </object_component>
      <object_component id="oc-52d">
         <name>.debug_info</name>
         <load_address>0x624e</load_address>
         <run_address>0x624e</run_address>
         <size>0x2ed</size>
         <input_file_ref idref="fl-4"/>
      </object_component>
      <object_component id="oc-2fb">
         <name>.debug_info</name>
         <load_address>0x653b</load_address>
         <run_address>0x653b</run_address>
         <size>0x1c3</size>
         <input_file_ref idref="fl-4"/>
      </object_component>
      <object_component id="oc-288">
         <name>.debug_info</name>
         <load_address>0x66fe</load_address>
         <run_address>0x66fe</run_address>
         <size>0x84</size>
         <input_file_ref idref="fl-5"/>
      </object_component>
      <object_component id="oc-62e">
         <name>.debug_info</name>
         <load_address>0x6782</load_address>
         <run_address>0x6782</run_address>
         <size>0x1d2</size>
         <input_file_ref idref="fl-6"/>
      </object_component>
      <object_component id="oc-62b">
         <name>.debug_info</name>
         <load_address>0x6954</load_address>
         <run_address>0x6954</run_address>
         <size>0xfd</size>
         <input_file_ref idref="fl-6"/>
      </object_component>
      <object_component id="oc-546">
         <name>.debug_info</name>
         <load_address>0x6a51</load_address>
         <run_address>0x6a51</run_address>
         <size>0x140</size>
         <input_file_ref idref="fl-6"/>
      </object_component>
      <object_component id="oc-53a">
         <name>.debug_info</name>
         <load_address>0x6b91</load_address>
         <run_address>0x6b91</run_address>
         <size>0x199</size>
         <input_file_ref idref="fl-6"/>
      </object_component>
      <object_component id="oc-540">
         <name>.debug_info</name>
         <load_address>0x6d2a</load_address>
         <run_address>0x6d2a</run_address>
         <size>0x235</size>
         <input_file_ref idref="fl-6"/>
      </object_component>
      <object_component id="oc-370">
         <name>.debug_info</name>
         <load_address>0x6f5f</load_address>
         <run_address>0x6f5f</run_address>
         <size>0x168</size>
         <input_file_ref idref="fl-9"/>
      </object_component>
      <object_component id="oc-322">
         <name>.debug_info</name>
         <load_address>0x70c7</load_address>
         <run_address>0x70c7</run_address>
         <size>0x1d8</size>
         <input_file_ref idref="fl-9"/>
      </object_component>
      <object_component id="oc-31c">
         <name>.debug_info</name>
         <load_address>0x729f</load_address>
         <run_address>0x729f</run_address>
         <size>0x198</size>
         <input_file_ref idref="fl-9"/>
      </object_component>
      <object_component id="oc-556">
         <name>.debug_info</name>
         <load_address>0x7437</load_address>
         <run_address>0x7437</run_address>
         <size>0x1b0</size>
         <input_file_ref idref="fl-9"/>
      </object_component>
      <object_component id="oc-310">
         <name>.debug_info</name>
         <load_address>0x75e7</load_address>
         <run_address>0x75e7</run_address>
         <size>0x1c8</size>
         <input_file_ref idref="fl-9"/>
      </object_component>
      <object_component id="oc-562">
         <name>.debug_info</name>
         <load_address>0x77af</load_address>
         <run_address>0x77af</run_address>
         <size>0x1be</size>
         <input_file_ref idref="fl-9"/>
      </object_component>
      <object_component id="oc-55c">
         <name>.debug_info</name>
         <load_address>0x796d</load_address>
         <run_address>0x796d</run_address>
         <size>0x18a</size>
         <input_file_ref idref="fl-9"/>
      </object_component>
      <object_component id="oc-316">
         <name>.debug_info</name>
         <load_address>0x7af7</load_address>
         <run_address>0x7af7</run_address>
         <size>0x1bc</size>
         <input_file_ref idref="fl-9"/>
      </object_component>
      <object_component id="oc-5c8">
         <name>.debug_info</name>
         <load_address>0x7cb3</load_address>
         <run_address>0x7cb3</run_address>
         <size>0x163</size>
         <input_file_ref idref="fl-d"/>
      </object_component>
      <object_component id="oc-5c5">
         <name>.debug_info</name>
         <load_address>0x7e16</load_address>
         <run_address>0x7e16</run_address>
         <size>0xf1</size>
         <input_file_ref idref="fl-d"/>
      </object_component>
      <object_component id="oc-488">
         <name>.debug_info</name>
         <load_address>0x7f07</load_address>
         <run_address>0x7f07</run_address>
         <size>0x1e0</size>
         <input_file_ref idref="fl-d"/>
      </object_component>
      <object_component id="oc-482">
         <name>.debug_info</name>
         <load_address>0x80e7</load_address>
         <run_address>0x80e7</run_address>
         <size>0x1e2</size>
         <input_file_ref idref="fl-d"/>
      </object_component>
      <object_component id="oc-50e">
         <name>.debug_info</name>
         <load_address>0x82c9</load_address>
         <run_address>0x82c9</run_address>
         <size>0x22f</size>
         <input_file_ref idref="fl-d"/>
      </object_component>
      <object_component id="oc-515">
         <name>.debug_info</name>
         <load_address>0x84f8</load_address>
         <run_address>0x84f8</run_address>
         <size>0x22e</size>
         <input_file_ref idref="fl-d"/>
      </object_component>
      <object_component id="oc-507">
         <name>.debug_info</name>
         <load_address>0x8726</load_address>
         <run_address>0x8726</run_address>
         <size>0x1d7</size>
         <input_file_ref idref="fl-d"/>
      </object_component>
      <object_component id="oc-501">
         <name>.debug_info</name>
         <load_address>0x88fd</load_address>
         <run_address>0x88fd</run_address>
         <size>0x1fc</size>
         <input_file_ref idref="fl-d"/>
      </object_component>
      <object_component id="oc-4ac">
         <name>.debug_info</name>
         <load_address>0x8af9</load_address>
         <run_address>0x8af9</run_address>
         <size>0x1e2</size>
         <input_file_ref idref="fl-d"/>
      </object_component>
      <object_component id="oc-644">
         <name>.debug_info</name>
         <load_address>0x8cdb</load_address>
         <run_address>0x8cdb</run_address>
         <size>0x166</size>
         <input_file_ref idref="fl-f"/>
      </object_component>
      <object_component id="oc-57b">
         <name>.debug_info</name>
         <load_address>0x8e41</load_address>
         <run_address>0x8e41</run_address>
         <size>0x186</size>
         <input_file_ref idref="fl-f"/>
      </object_component>
      <object_component id="oc-575">
         <name>.debug_info</name>
         <load_address>0x8fc7</load_address>
         <run_address>0x8fc7</run_address>
         <size>0x1a7</size>
         <input_file_ref idref="fl-f"/>
      </object_component>
      <object_component id="oc-63e">
         <name>.debug_info</name>
         <load_address>0x916e</load_address>
         <run_address>0x916e</run_address>
         <size>0x1c2</size>
         <input_file_ref idref="fl-f"/>
      </object_component>
      <object_component id="oc-569">
         <name>.debug_info</name>
         <load_address>0x9330</load_address>
         <run_address>0x9330</run_address>
         <size>0x2c5</size>
         <input_file_ref idref="fl-f"/>
      </object_component>
      <object_component id="oc-593">
         <name>.debug_info</name>
         <load_address>0x95f5</load_address>
         <run_address>0x95f5</run_address>
         <size>0x1ea</size>
         <input_file_ref idref="fl-f"/>
      </object_component>
      <object_component id="oc-587">
         <name>.debug_info</name>
         <load_address>0x97df</load_address>
         <run_address>0x97df</run_address>
         <size>0x180</size>
         <input_file_ref idref="fl-f"/>
      </object_component>
      <object_component id="oc-599">
         <name>.debug_info</name>
         <load_address>0x995f</load_address>
         <run_address>0x995f</run_address>
         <size>0x1a8</size>
         <input_file_ref idref="fl-f"/>
      </object_component>
      <object_component id="oc-59f">
         <name>.debug_info</name>
         <load_address>0x9b07</load_address>
         <run_address>0x9b07</run_address>
         <size>0x15f</size>
         <input_file_ref idref="fl-f"/>
      </object_component>
      <object_component id="oc-56f">
         <name>.debug_info</name>
         <load_address>0x9c66</load_address>
         <run_address>0x9c66</run_address>
         <size>0x19d</size>
         <input_file_ref idref="fl-f"/>
      </object_component>
      <object_component id="oc-581">
         <name>.debug_info</name>
         <load_address>0x9e03</load_address>
         <run_address>0x9e03</run_address>
         <size>0x17b</size>
         <input_file_ref idref="fl-f"/>
      </object_component>
      <object_component id="oc-58d">
         <name>.debug_info</name>
         <load_address>0x9f7e</load_address>
         <run_address>0x9f7e</run_address>
         <size>0x177</size>
         <input_file_ref idref="fl-f"/>
      </object_component>
      <object_component id="oc-474">
         <name>.debug_info</name>
         <load_address>0xa0f5</load_address>
         <run_address>0xa0f5</run_address>
         <size>0x127</size>
         <input_file_ref idref="fl-11"/>
      </object_component>
      <object_component id="oc-5d9">
         <name>.debug_info</name>
         <load_address>0xa21c</load_address>
         <run_address>0xa21c</run_address>
         <size>0x19a</size>
         <input_file_ref idref="fl-17"/>
      </object_component>
      <object_component id="oc-49a">
         <name>.debug_info</name>
         <load_address>0xa3b6</load_address>
         <run_address>0xa3b6</run_address>
         <size>0x1a0</size>
         <input_file_ref idref="fl-17"/>
      </object_component>
      <object_component id="oc-4ff">
         <name>.debug_info</name>
         <load_address>0xa556</load_address>
         <run_address>0xa556</run_address>
         <size>0x156</size>
         <input_file_ref idref="fl-1a"/>
      </object_component>
      <object_component id="oc-44a">
         <name>.debug_info</name>
         <load_address>0xa6ac</load_address>
         <run_address>0xa6ac</run_address>
         <size>0x163</size>
         <input_file_ref idref="fl-1a"/>
      </object_component>
      <object_component id="oc-3ae">
         <name>.debug_info</name>
         <load_address>0xa80f</load_address>
         <run_address>0xa80f</run_address>
         <size>0x136</size>
         <input_file_ref idref="fl-35"/>
      </object_component>
      <object_component id="oc-4a6">
         <name>.debug_info</name>
         <load_address>0xa945</load_address>
         <run_address>0xa945</run_address>
         <size>0x122</size>
         <input_file_ref idref="fl-36"/>
      </object_component>
      <object_component id="oc-29a">
         <name>.debug_info</name>
         <load_address>0xaa67</load_address>
         <run_address>0xaa67</run_address>
         <size>0x110</size>
         <input_file_ref idref="fl-45"/>
      </object_component>
      <object_component id="oc-624">
         <name>.debug_info</name>
         <load_address>0xab77</load_address>
         <run_address>0xab77</run_address>
         <size>0x121</size>
         <input_file_ref idref="fl-46"/>
      </object_component>
      <object_component id="oc-639">
         <name>.debug_info</name>
         <load_address>0xac98</load_address>
         <run_address>0xac98</run_address>
         <size>0x121</size>
         <input_file_ref idref="fl-47"/>
      </object_component>
      <object_component id="oc-27c">
         <name>.debug_info</name>
         <load_address>0xadb9</load_address>
         <run_address>0xadb9</run_address>
         <size>0x101</size>
         <input_file_ref idref="fl-49"/>
      </object_component>
      <object_component id="oc-2bd">
         <name>.debug_info</name>
         <load_address>0xaeba</load_address>
         <run_address>0xaeba</run_address>
         <size>0x17b</size>
         <input_file_ref idref="fl-49"/>
      </object_component>
      <object_component id="oc-4e4">
         <name>.debug_info</name>
         <load_address>0xb035</load_address>
         <run_address>0xb035</run_address>
         <size>0x40a</size>
         <input_file_ref idref="fl-4a"/>
      </object_component>
      <object_component id="oc-406">
         <name>.debug_info</name>
         <load_address>0xb43f</load_address>
         <run_address>0xb43f</run_address>
         <size>0x217</size>
         <input_file_ref idref="fl-4a"/>
      </object_component>
      <object_component id="oc-604">
         <name>.debug_info</name>
         <load_address>0xb656</load_address>
         <run_address>0xb656</run_address>
         <size>0x39</size>
         <input_file_ref idref="fl-4a"/>
      </object_component>
      <object_component id="oc-615">
         <name>.debug_info</name>
         <load_address>0xb68f</load_address>
         <run_address>0xb68f</run_address>
         <size>0x2c</size>
         <input_file_ref idref="fl-4a"/>
      </object_component>
      <object_component id="oc-4ef">
         <name>.debug_info</name>
         <load_address>0xb6bb</load_address>
         <run_address>0xb6bb</run_address>
         <size>0x2c</size>
         <input_file_ref idref="fl-4a"/>
      </object_component>
      <object_component id="oc-609">
         <name>.debug_info</name>
         <load_address>0xb6e7</load_address>
         <run_address>0xb6e7</run_address>
         <size>0xcd</size>
         <input_file_ref idref="fl-4a"/>
      </object_component>
      <object_component id="oc-2ab">
         <name>.debug_info</name>
         <load_address>0xb7b4</load_address>
         <run_address>0xb7b4</run_address>
         <size>0x1d4</size>
         <input_file_ref idref="fl-4b"/>
      </object_component>
      <object_component id="oc-329">
         <name>.debug_info</name>
         <load_address>0xb988</load_address>
         <run_address>0xb988</run_address>
         <size>0x46</size>
         <input_file_ref idref="fl-4b"/>
      </object_component>
      <object_component id="oc-330">
         <name>.debug_info</name>
         <load_address>0xb9ce</load_address>
         <run_address>0xb9ce</run_address>
         <size>0x154</size>
         <input_file_ref idref="fl-4e"/>
      </object_component>
      <object_component id="oc-4de">
         <name>.debug_info</name>
         <load_address>0xbb22</load_address>
         <run_address>0xbb22</run_address>
         <size>0x151</size>
         <input_file_ref idref="fl-4f"/>
      </object_component>
      <object_component id="oc-298">
         <name>.debug_info</name>
         <load_address>0xbc73</load_address>
         <run_address>0xbc73</run_address>
         <size>0x1db</size>
         <input_file_ref idref="fl-50"/>
      </object_component>
      <object_component id="oc-6b">
         <name>.debug_info</name>
         <load_address>0xbe4e</load_address>
         <run_address>0xbe4e</run_address>
         <size>0x1f3</size>
         <input_file_ref idref="fl-50"/>
      </object_component>
      <object_component id="oc-293">
         <name>.debug_info</name>
         <load_address>0xc041</load_address>
         <run_address>0xc041</run_address>
         <size>0x46</size>
         <input_file_ref idref="fl-50"/>
      </object_component>
      <object_component id="oc-65">
         <name>.debug_info</name>
         <load_address>0xc087</load_address>
         <run_address>0xc087</run_address>
         <size>0x2b9</size>
         <input_file_ref idref="fl-51"/>
      </object_component>
      <object_component id="oc-35d">
         <name>.debug_info</name>
         <load_address>0xc340</load_address>
         <run_address>0xc340</run_address>
         <size>0x46</size>
         <input_file_ref idref="fl-51"/>
      </object_component>
      <object_component id="oc-2eb">
         <name>.debug_info</name>
         <load_address>0xc386</load_address>
         <run_address>0xc386</run_address>
         <size>0x39</size>
[...]
         <name>param</name>
         <value>0x20d2</value>
      </symbol>
      <symbol id="sm-2c7">
         <name>displayScrollText</name>
         <value>0xca18</value>
         <object_component_ref idref="oc-4b2"/>
      </symbol>
      <symbol id="sm-2c8">
         <name>showChar</name>
         <value>0xcef2</value>
         <object_component_ref idref="oc-4be"/>
      </symbol>
      <symbol id="sm-2c9">
         <name>Init_LCD</name>
         <value>0xcae4</value>
         <object_component_ref idref="oc-46d"/>
      </symbol>
      <symbol id="sm-2ca">
         <name>alphabetBig</name>
         <value>0xc45c</value>
         <object_component_ref idref="oc-5e6"/>
      </symbol>
      <symbol id="sm-2cb">
         <name>digit</name>
         <value>0xc4ac</value>
         <object_component_ref idref="oc-5e9"/>
      </symbol>
      <symbol id="sm-410">
         <name>servo</name>
         <value>0x20ea</value>
      </symbol>
      <symbol id="sm-411">
         <name>isOver</name>
         <value>0x20e6</value>
      </symbol>
      <symbol id="sm-412">
         <name>lightVal</name>
         <value>0x20e8</value>
      </symbol>
      <symbol id="sm-413">
         <name>averagedValues</name>
         <value>0x20e0</value>
      </symbol>
      <symbol id="sm-414">
         <name>ventZone1</name>
         <value>0x20ec</value>
      </symbol>
      <symbol id="sm-415">
         <name>ventZone2</name>
         <value>0x20ee</value>
      </symbol>
      <symbol id="sm-416">
         <name>irrZone1</name>
         <value>0x20e2</value>
      </symbol>
      <symbol id="sm-417">
         <name>irrZone2</name>
         <value>0x20e4</value>
      </symbol>
      <symbol id="sm-418">
         <name>setMux</name>
         <value>0xcc60</value>
         <object_component_ref idref="oc-383"/>
      </symbol>
      <symbol id="sm-419">
         <name>NUM_SENSORS</name>
         <value>0x20a4</value>
         <object_component_ref idref="oc-300"/>
      </symbol>
      <symbol id="sm-41a">
         <name>ADC_ISR</name>
         <value>0xd6a4</value>
         <object_component_ref idref="oc-29e"/>
      </symbol>
      <symbol id="sm-41b">
         <name>moistureZoneTwoDexData</name>
         <value>0x20b6</value>
         <object_component_ref idref="oc-300"/>
      </symbol>
      <symbol id="sm-41c">
         <name>set_led_ind</name>
         <value>0xd320</value>
         <object_component_ref idref="oc-3ce"/>
      </symbol>
      <symbol id="sm-41d">
         <name>Init_ADC</name>
         <value>0xd376</value>
         <object_component_ref idref="oc-45b"/>
      </symbol>
      <symbol id="sm-41e">
         <name>initAll</name>
         <value>0xd6d4</value>
         <object_component_ref idref="oc-375"/>
      </symbol>
      <symbol id="sm-41f">
         <name>irrigationThresh</name>
         <value>0x20a8</value>
         <object_component_ref idref="oc-300"/>
      </symbol>
      <symbol id="sm-420">
         <name>ventThresh</name>
         <value>0x20aa</value>
         <object_component_ref idref="oc-300"/>
      </symbol>
      <symbol id="sm-421">
         <name>tempZoneOneDexData</name>
         <value>0x20b0</value>
         <object_component_ref idref="oc-300"/>
      </symbol>
      <symbol id="sm-422">
         <name>zone_select</name>
         <value>0xd46c</value>
         <object_component_ref idref="oc-3b2"/>
      </symbol>
      <symbol id="sm-423">
         <name>update_servos</name>
         <value>0xd41a</value>
         <object_component_ref idref="oc-3da"/>
      </symbol>
      <symbol id="sm-424">
         <name>lightDexData</name>
         <value>0x20ae</value>
         <object_component_ref idref="oc-300"/>
      </symbol>
      <symbol id="sm-425">
         <name>isDaytime</name>
         <value>0xd8dc</value>
         <object_component_ref idref="oc-3a7"/>
      </symbol>
      <symbol id="sm-426">
         <name>Init_GPIO</name>
         <value>0xcdc6</value>
         <object_component_ref idref="oc-44f"/>
      </symbol>
      <symbol id="sm-427">
         <name>__TI_int48</name>
         <value>0xffe8</value>
         <object_component_ref idref="oc-73"/>
      </symbol>
      <symbol id="sm-428">
         <name>getAverageSensorReading</name>
         <value>0xd108</value>
         <object_component_ref idref="oc-3b8"/>
      </symbol>
      <symbol id="sm-429">
         <name>output_pwm_idle</name>
         <value>0xd75e</value>
         <object_component_ref idref="oc-39b"/>
      </symbol>
      <symbol id="sm-42a">
         <name>moistureZoneOneDexData</name>
         <value>0x20b4</value>
         <object_component_ref idref="oc-300"/>
      </symbol>
      <symbol id="sm-42b">
         <name>__TI_int50</name>
         <value>0xffec</value>
         <object_component_ref idref="oc-75"/>
      </symbol>
      <symbol id="sm-42c">
         <name>storeSensorReadings</name>
         <value>0xcf7e</value>
         <object_component_ref idref="oc-389"/>
      </symbol>
      <symbol id="sm-42d">
         <name>Init_PWM</name>
         <value>0xd732</value>
         <object_component_ref idref="oc-455"/>
      </symbol>
      <symbol id="sm-42e">
         <name>read_adc</name>
         <value>0xd988</value>
         <object_component_ref idref="oc-48e"/>
      </symbol>
      <symbol id="sm-42f">
         <name>Init_Clock</name>
         <value>0xd534</value>
         <object_component_ref idref="oc-461"/>
      </symbol>
      <symbol id="sm-430">
         <name>output_pwm_off</name>
         <value>0xd78a</value>
         <object_component_ref idref="oc-3a1"/>
      </symbol>
      <symbol id="sm-431">
         <name>select_pwm_target</name>
         <value>0xd3c8</value>
         <object_component_ref idref="oc-38f"/>
      </symbol>
      <symbol id="sm-432">
         <name>main</name>
         <value>0xc4e6</value>
         <object_component_ref idref="oc-335"/>
      </symbol>
      <symbol id="sm-433">
         <name>tempZoneTwoDexData</name>
         <value>0x20b2</value>
         <object_component_ref idref="oc-300"/>
      </symbol>
      <symbol id="sm-434">
         <name>ADCResult</name>
         <value>0x20a2</value>
         <object_component_ref idref="oc-300"/>
      </symbol>
      <symbol id="sm-435">
         <name>ADCState</name>
         <value>0x20a0</value>
         <object_component_ref idref="oc-300"/>
      </symbol>
      <symbol id="sm-436">
         <name>zoneToDisplay</name>
         <value>0x20a6</value>
         <object_component_ref idref="oc-300"/>
      </symbol>
      <symbol id="sm-437">
         <name>output_pwm_on</name>
         <value>0xd7b6</value>
         <object_component_ref idref="oc-395"/>
      </symbol>
      <symbol id="sm-438">
         <name>EUSCIA0_ISR</name>
         <value>0xd612</value>
         <object_component_ref idref="oc-2a4"/>
      </symbol>
      <symbol id="sm-439">
         <name>Init_UART</name>
         <value>0xd088</value>
         <object_component_ref idref="oc-467"/>
      </symbol>
      <symbol id="sm-43a">
         <name>displayLCD</name>
         <value>0xcd14</value>
         <object_component_ref idref="oc-3c4"/>
      </symbol>
      <symbol id="sm-480">
         <name>ADC_setupSamplingTimer</name>
         <value>0xd9b4</value>
         <object_component_ref idref="oc-526"/>
      </symbol>
      <symbol id="sm-481">
         <name>ADC_configureMemory</name>
         <value>0xd644</value>
         <object_component_ref idref="oc-52c"/>
      </symbol>
      <symbol id="sm-482">
         <name>ADC_enableInterrupt</name>
         <value>0xdac0</value>
         <object_component_ref idref="oc-532"/>
      </symbol>
      <symbol id="sm-483">
         <name>ADC_startConversion</name>
         <value>0xd8f8</value>
         <object_component_ref idref="oc-5ca"/>
      </symbol>
      <symbol id="sm-484">
         <name>ADC_getInterruptStatus</name>
         <value>0xda92</value>
         <object_component_ref idref="oc-2f4"/>
      </symbol>
      <symbol id="sm-485">
         <name>ADC_init</name>
         <value>0xd5ac</value>
         <object_component_ref idref="oc-51a"/>
      </symbol>
      <symbol id="sm-486">
         <name>ADC_getResults</name>
         <value>0xdac6</value>
         <object_component_ref idref="oc-303"/>
      </symbol>
      <symbol id="sm-487">
         <name>ADC_enable</name>
         <value>0xda8a</value>
         <object_component_ref idref="oc-520"/>
      </symbol>
      <symbol id="sm-488">
         <name>ADC_clearInterrupt</name>
         <value>0xdaba</value>
         <object_component_ref idref="oc-2fa"/>
      </symbol>
      <symbol id="sm-4bc">
         <name>CS_setExternalClockSource</name>
         <value>0xda6c</value>
         <object_component_ref idref="oc-539"/>
      </symbol>
      <symbol id="sm-4bd">
         <name>CS_turnOnXT1LF</name>
         <value>0xd674</value>
         <object_component_ref idref="oc-545"/>
      </symbol>
      <symbol id="sm-4be">
         <name>CS_initClockSignal</name>
         <value>0xcba8</value>
         <object_component_ref idref="oc-53f"/>
      </symbol>
      <symbol id="sm-4fd">
         <name>EUSCI_A_UART_enableInterrupt</name>
         <value>0xd946</value>
         <object_component_ref idref="oc-561"/>
      </symbol>
      <symbol id="sm-4fe">
         <name>EUSCI_A_UART_init</name>
         <value>0xce64</value>
         <object_component_ref idref="oc-555"/>
      </symbol>
      <symbol id="sm-4ff">
         <name>EUSCI_A_UART_enable</name>
         <value>0xdad2</value>
         <object_component_ref idref="oc-55b"/>
      </symbol>
      <symbol id="sm-500">
         <name>EUSCI_A_UART_receiveData</name>
         <value>0xd9c8</value>
         <object_component_ref idref="oc-31b"/>
      </symbol>
      <symbol id="sm-501">
         <name>EUSCI_A_UART_getInterruptStatus</name>
         <value>0xda9a</value>
         <object_component_ref idref="oc-30f"/>
      </symbol>
      <symbol id="sm-502">
         <name>EUSCI_A_UART_clearInterrupt</name>
         <value>0xdacc</value>
         <object_component_ref idref="oc-315"/>
      </symbol>
      <symbol id="sm-503">
         <name>EUSCI_A_UART_transmitData</name>
         <value>0xd9dc</value>
         <object_component_ref idref="oc-321"/>
      </symbol>
      <symbol id="sm-550">
         <name>GPIO_setOutputHighOnPin</name>
         <value>0xd95c</value>
         <object_component_ref idref="oc-481"/>
      </symbol>
      <symbol id="sm-551">
         <name>GPIO_setAsInputPinWithPullUpResistor</name>
         <value>0xd85e</value>
         <object_component_ref idref="oc-500"/>
      </symbol>
      <symbol id="sm-552">
         <name>GPIO_setAsOutputPin</name>
         <value>0xd92c</value>
         <object_component_ref idref="oc-506"/>
      </symbol>
      <symbol id="sm-553">
         <name>GPIO_setOutputLowOnPin</name>
         <value>0xd972</value>
         <object_component_ref idref="oc-487"/>
      </symbol>
      <symbol id="sm-554">
         <name>GPIO_setAsPeripheralModuleFunctionOutputPin</name>
         <value>0xd704</value>
         <object_component_ref idref="oc-50d"/>
      </symbol>
      <symbol id="sm-555">
         <name>GPIO_getInputPinValue</name>
         <value>0xd912</value>
         <object_component_ref idref="oc-4ab"/>
      </symbol>
      <symbol id="sm-556">
         <name>GPIO_setAsPeripheralModuleFunctionInputPin</name>
         <value>0xd5e0</value>
         <object_component_ref idref="oc-514"/>
      </symbol>
      <symbol id="sm-5b8">
         <name>LCD_E_clearAllMemory</name>
         <value>0xdad8</value>
         <object_component_ref idref="oc-58c"/>
      </symbol>
      <symbol id="sm-5b9">
         <name>LCD_E_on</name>
         <value>0xda60</value>
         <object_component_ref idref="oc-59e"/>
      </symbol>
      <symbol id="sm-5ba">
         <name>LCD_E_setPinAsCOM</name>
         <value>0xd188</value>
         <object_component_ref idref="oc-592"/>
      </symbol>
      <symbol id="sm-5bb">
         <name>LCD_E_setVLCDSource</name>
         <value>0xda04</value>
         <object_component_ref idref="oc-574"/>
      </symbol>
      <symbol id="sm-5bc">
         <name>LCD_E_selectDisplayMemory</name>
         <value>0xda28</value>
         <object_component_ref idref="oc-598"/>
      </symbol>
      <symbol id="sm-5bd">
         <name>LCD_E_setChargePumpFreq</name>
         <value>0xda36</value>
         <object_component_ref idref="oc-586"/>
      </symbol>
      <symbol id="sm-5be">
         <name>LCD_E_init</name>
         <value>0xd80e</value>
         <object_component_ref idref="oc-56e"/>
      </symbol>
      <symbol id="sm-5bf">
         <name>LCD_E_enableChargePump</name>
         <value>0xdaa2</value>
         <object_component_ref idref="oc-580"/>
      </symbol>
      <symbol id="sm-5c0">
         <name>LCD_E_setVLCDVoltage</name>
         <value>0xda44</value>
         <object_component_ref idref="oc-57a"/>
      </symbol>
      <symbol id="sm-5c1">
         <name>LCD_E_setPinAsLCDFunctionEx</name>
         <value>0xd004</value>
         <object_component_ref idref="oc-568"/>
      </symbol>
      <symbol id="sm-5cb">
         <name>PMM_unlockLPM5</name>
         <value>0xdade</value>
         <object_component_ref idref="oc-473"/>
      </symbol>
      <symbol id="sm-5dc">
         <name>Timer_A_outputPWM</name>
         <value>0xd2ca</value>
         <object_component_ref idref="oc-499"/>
      </symbol>
      <symbol id="sm-5ea">
         <name>WDT_A_hold</name>
         <value>0xd9f0</value>
         <object_component_ref idref="oc-449"/>
      </symbol>
      <symbol id="sm-5f6">
         <name>__mspabi_remi</name>
         <value>0xd7e2</value>
         <object_component_ref idref="oc-3ad"/>
      </symbol>
      <symbol id="sm-5f7">
         <name>__mspabi_divi</name>
         <value>0xd7e2</value>
         <object_component_ref idref="oc-3ad"/>
      </symbol>
      <symbol id="sm-601">
         <name>__mspabi_remu</name>
         <value>0xd99e</value>
         <object_component_ref idref="oc-4a5"/>
      </symbol>
      <symbol id="sm-602">
         <name>__mspabi_divu</name>
         <value>0xd99e</value>
         <object_component_ref idref="oc-4a5"/>
      </symbol>
      <symbol id="sm-607">
         <name>__TI_int45</name>
         <value>0xffe2</value>
         <object_component_ref idref="oc-70"/>
      </symbol>
      <symbol id="sm-60a">
         <name>__TI_int46</name>
         <value>0xffe4</value>
         <object_component_ref idref="oc-71"/>
      </symbol>
      <symbol id="sm-60d">
         <name>__TI_int47</name>
         <value>0xffe6</value>
         <object_component_ref idref="oc-72"/>
      </symbol>
      <symbol id="sm-610">
         <name>__TI_int49</name>
         <value>0xffea</value>
         <object_component_ref idref="oc-74"/>
      </symbol>
      <symbol id="sm-613">
         <name>__TI_int51</name>
         <value>0xffee</value>
         <object_component_ref idref="oc-76"/>
      </symbol>
      <symbol id="sm-616">
         <name>__TI_int52</name>
         <value>0xfff0</value>
         <object_component_ref idref="oc-77"/>
      </symbol>
      <symbol id="sm-619">
         <name>__TI_int53</name>
         <value>0xfff2</value>
         <object_component_ref idref="oc-78"/>
      </symbol>
      <symbol id="sm-61c">
         <name>__TI_int54</name>
         <value>0xfff4</value>
         <object_component_ref idref="oc-79"/>
      </symbol>
      <symbol id="sm-61f">
         <name>__TI_int55</name>
         <value>0xfff6</value>
         <object_component_ref idref="oc-7a"/>
      </symbol>
      <symbol id="sm-622">
         <name>__TI_int56</name>
         <value>0xfff8</value>
         <object_component_ref idref="oc-7b"/>
      </symbol>
      <symbol id="sm-625">
         <name>__TI_int57</name>
         <value>0xfffa</value>
         <object_component_ref idref="oc-7c"/>
      </symbol>
      <symbol id="sm-628">
         <name>__TI_int58</name>
         <value>0xfffc</value>
         <object_component_ref idref="oc-7d"/>
      </symbol>
      <symbol id="sm-630">
         <name>__TI_ISR_TRAP</name>
         <value>0xdaaa</value>
         <object_component_ref idref="oc-299"/>
      </symbol>
      <symbol id="sm-639">
         <name>__mspabi_slli</name>
         <value>0xda76</value>
         <object_component_ref idref="oc-623"/>
      </symbol>
      <symbol id="sm-642">
         <name>__mspabi_srli</name>
         <value>0xda80</value>
         <object_component_ref idref="oc-638"/>
      </symbol>
      <symbol id="sm-653">
         <name>_stack</name>
         <value>0x2760</value>
         <object_component_ref idref="oc-27b"/>
      </symbol>
      <symbol id="sm-654">
         <name>_c_int00_noargs</name>
         <value>0xd8a4</value>
         <object_component_ref idref="oc-2bc"/>
      </symbol>
      <symbol id="sm-655">
         <name>_reset_vector</name>
         <value>0xfffe</value>
         <object_component_ref idref="oc-27e"/>
      </symbol>
      <symbol id="sm-677">
         <name>__TI_auto_init_nobinit_nopinit_hold_wdt</name>
         <value>0xd1f6</value>
         <object_component_ref idref="oc-405"/>
      </symbol>
      <symbol id="sm-687">
         <name>__TI_zero_init_nomemset</name>
         <value>0xd4f6</value>
         <object_component_ref idref="oc-2aa"/>
      </symbol>
      <symbol id="sm-692">
         <name>_system_pre_init</name>
         <value>0xdaea</value>
         <object_component_ref idref="oc-32f"/>
      </symbol>
      <symbol id="sm-69b">
         <name>_system_post_cinit</name>
         <value>0xdaf0</value>
         <object_component_ref idref="oc-4dd"/>
      </symbol>
      <symbol id="sm-6ac">
         <name>__TI_decompress_none</name>
         <value>0xd570</value>
         <object_component_ref idref="oc-6a"/>
      </symbol>
      <symbol id="sm-6cd">
         <name>__TI_decompress_lzss</name>
         <value>0xc84a</value>
         <object_component_ref idref="oc-64"/>
      </symbol>
      <symbol id="sm-6d7">
         <name>C$$EXIT</name>
         <value>0xdae4</value>
         <object_component_ref idref="oc-3e1"/>
      </symbol>
      <symbol id="sm-6d8">
         <name>abort</name>
         <value>0xdae4</value>
         <object_component_ref idref="oc-3e1"/>
      </symbol>
      <symbol id="sm-6ee">
         <name>_nop</name>
         <value>0xdaee</value>
         <object_component_ref idref="oc-5ef"/>
      </symbol>
      <symbol id="sm-6ef">
         <name>_lock</name>
         <value>0x20b8</value>
         <object_component_ref idref="oc-4cf"/>
      </symbol>
      <symbol id="sm-6f0">
         <name>_unlock</name>
         <value>0x20bc</value>
         <object_component_ref idref="oc-4d8"/>
      </symbol>
      <symbol id="sm-6ff">
         <name>memcpy</name>
         <value>0xda16</value>
         <object_component_ref idref="oc-54f"/>
      </symbol>
      <symbol id="sm-75e">
         <name>_sys_memory</name>
         <value>0x2000</value>
         <object_component_ref idref="oc-27f"/>
      </symbol>
      <symbol id="sm-75f">
         <name>memalign</name>
         <value>0xc938</value>
         <object_component_ref idref="oc-47a"/>
      </symbol>
      <symbol id="sm-760">
         <name>malloc</name>
         <value>0xdab2</value>
         <object_component_ref idref="oc-37c"/>
      </symbol>
      <symbol id="sm-761">
         <name>aligned_alloc</name>
         <value>0xc938</value>
         <object_component_ref idref="oc-47a"/>
      </symbol>
      <symbol id="sm-76f">
         <name>strlen</name>
         <value>0xda52</value>
         <object_component_ref idref="oc-5dc"/>
      </symbol>
      <symbol id="sm-77a">
         <name>__memcpy_far</name>
         <value>0xd4b6</value>
         <object_component_ref idref="oc-28d"/>
      </symbol>
   </symbol_table>
   <title>Link successful</title>
</link_info>
